../TinyUSB/portable/dcd_stm32_fsdev.c:524:16:dcd_ep_alloc	20	static,ignoring_inline_asm
../TinyUSB/portable/dcd_stm32_fsdev.c:856:13:dcd_write_packet_memory.part.0	20	static
../TinyUSB/portable/dcd_stm32_fsdev.c:885:13:dcd_read_packet_memory.part.0	20	static
../TinyUSB/portable/dcd_stm32_fsdev.c:500:17:dcd_pma_alloc.constprop	0	static,ignoring_inline_asm
../TinyUSB/portable/dcd_stm32_fsdev.c:262:13:handle_bus_reset.isra	16	static
../TinyUSB/portable/fsdev_stm32.h:375:6:dcd_int_enable	12	static,ignoring_inline_asm
../TinyUSB/portable/fsdev_stm32.h:398:6:dcd_int_disable	12	static,ignoring_inline_asm
../TinyUSB/portable/dcd_stm32_fsdev.c:727:13:dcd_transmit_packet	80	static
../TinyUSB/portable/dcd_stm32_fsdev.c:763:13:edpt_xfer.isra	16	static
../TinyUSB/portable/fsdev_stm32.h:423:6:dcd_disconnect	0	static
../TinyUSB/portable/fsdev_stm32.h:428:6:dcd_connect	0	static
../TinyUSB/portable/dcd_stm32_fsdev.c:190:6:dcd_init	24	static,ignoring_inline_asm
../TinyUSB/portable/dcd_stm32_fsdev.c:234:6:dcd_sof_enable	0	static
../TinyUSB/portable/dcd_stm32_fsdev.c:255:6:dcd_remote_wakeup	0	static
../TinyUSB/portable/dcd_stm32_fsdev.c:379:6:dcd_int_handler	96	static,ignoring_inline_asm
../TinyUSB/portable/dcd_stm32_fsdev.c:482:6:dcd_edpt0_status_complete	0	static
../TinyUSB/portable/dcd_stm32_fsdev.c:593:6:dcd_edpt_open	32	static,ignoring_inline_asm
../TinyUSB/portable/dcd_stm32_fsdev.c:642:6:dcd_edpt_close_all	16	static
../TinyUSB/portable/dcd_stm32_fsdev.c:661:6:dcd_edpt_iso_alloc	16	static
../TinyUSB/portable/dcd_stm32_fsdev.c:690:6:dcd_edpt_iso_activate	24	static
../TinyUSB/portable/dcd_stm32_fsdev.c:791:6:dcd_edpt_xfer	12	static
../TinyUSB/portable/dcd_stm32_fsdev.c:245:6:dcd_set_address	0	static
../TinyUSB/portable/dcd_stm32_fsdev.c:804:6:dcd_edpt_xfer_fifo	16	static
../TinyUSB/portable/dcd_stm32_fsdev.c:817:6:dcd_edpt_stall	16	static
../TinyUSB/portable/dcd_stm32_fsdev.c:831:6:dcd_edpt_clear_stall	16	static
