Archive member included to satisfy reference by file (symbol)

D:/Programs/STM32CubeIDE_1.19.0/STM32CubeIDE/plugins/com.st.stm32cube.ide.mcu.externaltools.gnu-tools-for-stm32.13.3.rel1.win32_1.0.0.202411081344/tools/bin/../lib/gcc/arm-none-eabi/13.3.1/../../../../arm-none-eabi/lib/thumb/v7e-m+fp/hard\libc_nano.a(libc_a-exit.o)
                              D:/Programs/STM32CubeIDE_1.19.0/STM32CubeIDE/plugins/com.st.stm32cube.ide.mcu.externaltools.gnu-tools-for-stm32.13.3.rel1.win32_1.0.0.202411081344/tools/bin/../lib/gcc/arm-none-eabi/13.3.1/../../../../arm-none-eabi/lib/thumb/v7e-m+fp/hard/crt0.o (exit)
D:/Programs/STM32CubeIDE_1.19.0/STM32CubeIDE/plugins/com.st.stm32cube.ide.mcu.externaltools.gnu-tools-for-stm32.13.3.rel1.win32_1.0.0.202411081344/tools/bin/../lib/gcc/arm-none-eabi/13.3.1/../../../../arm-none-eabi/lib/thumb/v7e-m+fp/hard\libc_nano.a(libc_a-findfp.o)
                              D:/Programs/STM32CubeIDE_1.19.0/STM32CubeIDE/plugins/com.st.stm32cube.ide.mcu.externaltools.gnu-tools-for-stm32.13.3.rel1.win32_1.0.0.202411081344/tools/bin/../lib/gcc/arm-none-eabi/13.3.1/../../../../arm-none-eabi/lib/thumb/v7e-m+fp/hard\libc_nano.a(libc_a-exit.o) (__stdio_exit_handler)
D:/Programs/STM32CubeIDE_1.19.0/STM32CubeIDE/plugins/com.st.stm32cube.ide.mcu.externaltools.gnu-tools-for-stm32.13.3.rel1.win32_1.0.0.202411081344/tools/bin/../lib/gcc/arm-none-eabi/13.3.1/../../../../arm-none-eabi/lib/thumb/v7e-m+fp/hard\libc_nano.a(libc_a-fwalk.o)
                              D:/Programs/STM32CubeIDE_1.19.0/STM32CubeIDE/plugins/com.st.stm32cube.ide.mcu.externaltools.gnu-tools-for-stm32.13.3.rel1.win32_1.0.0.202411081344/tools/bin/../lib/gcc/arm-none-eabi/13.3.1/../../../../arm-none-eabi/lib/thumb/v7e-m+fp/hard\libc_nano.a(libc_a-findfp.o) (_fwalk_sglue)
D:/Programs/STM32CubeIDE_1.19.0/STM32CubeIDE/plugins/com.st.stm32cube.ide.mcu.externaltools.gnu-tools-for-stm32.13.3.rel1.win32_1.0.0.202411081344/tools/bin/../lib/gcc/arm-none-eabi/13.3.1/../../../../arm-none-eabi/lib/thumb/v7e-m+fp/hard\libc_nano.a(libc_a-stdio.o)
                              D:/Programs/STM32CubeIDE_1.19.0/STM32CubeIDE/plugins/com.st.stm32cube.ide.mcu.externaltools.gnu-tools-for-stm32.13.3.rel1.win32_1.0.0.202411081344/tools/bin/../lib/gcc/arm-none-eabi/13.3.1/../../../../arm-none-eabi/lib/thumb/v7e-m+fp/hard\libc_nano.a(libc_a-findfp.o) (__sread)
D:/Programs/STM32CubeIDE_1.19.0/STM32CubeIDE/plugins/com.st.stm32cube.ide.mcu.externaltools.gnu-tools-for-stm32.13.3.rel1.win32_1.0.0.202411081344/tools/bin/../lib/gcc/arm-none-eabi/13.3.1/../../../../arm-none-eabi/lib/thumb/v7e-m+fp/hard\libc_nano.a(libc_a-memset.o)
                              D:/Programs/STM32CubeIDE_1.19.0/STM32CubeIDE/plugins/com.st.stm32cube.ide.mcu.externaltools.gnu-tools-for-stm32.13.3.rel1.win32_1.0.0.202411081344/tools/bin/../lib/gcc/arm-none-eabi/13.3.1/../../../../arm-none-eabi/lib/thumb/v7e-m+fp/hard/crt0.o (memset)
D:/Programs/STM32CubeIDE_1.19.0/STM32CubeIDE/plugins/com.st.stm32cube.ide.mcu.externaltools.gnu-tools-for-stm32.13.3.rel1.win32_1.0.0.202411081344/tools/bin/../lib/gcc/arm-none-eabi/13.3.1/../../../../arm-none-eabi/lib/thumb/v7e-m+fp/hard\libc_nano.a(libc_a-closer.o)
                              D:/Programs/STM32CubeIDE_1.19.0/STM32CubeIDE/plugins/com.st.stm32cube.ide.mcu.externaltools.gnu-tools-for-stm32.13.3.rel1.win32_1.0.0.202411081344/tools/bin/../lib/gcc/arm-none-eabi/13.3.1/../../../../arm-none-eabi/lib/thumb/v7e-m+fp/hard\libc_nano.a(libc_a-stdio.o) (_close_r)
D:/Programs/STM32CubeIDE_1.19.0/STM32CubeIDE/plugins/com.st.stm32cube.ide.mcu.externaltools.gnu-tools-for-stm32.13.3.rel1.win32_1.0.0.202411081344/tools/bin/../lib/gcc/arm-none-eabi/13.3.1/../../../../arm-none-eabi/lib/thumb/v7e-m+fp/hard\libc_nano.a(libc_a-reent.o)
                              D:/Programs/STM32CubeIDE_1.19.0/STM32CubeIDE/plugins/com.st.stm32cube.ide.mcu.externaltools.gnu-tools-for-stm32.13.3.rel1.win32_1.0.0.202411081344/tools/bin/../lib/gcc/arm-none-eabi/13.3.1/../../../../arm-none-eabi/lib/thumb/v7e-m+fp/hard\libc_nano.a(libc_a-closer.o) (errno)
D:/Programs/STM32CubeIDE_1.19.0/STM32CubeIDE/plugins/com.st.stm32cube.ide.mcu.externaltools.gnu-tools-for-stm32.13.3.rel1.win32_1.0.0.202411081344/tools/bin/../lib/gcc/arm-none-eabi/13.3.1/../../../../arm-none-eabi/lib/thumb/v7e-m+fp/hard\libc_nano.a(libc_a-impure.o)
                              D:/Programs/STM32CubeIDE_1.19.0/STM32CubeIDE/plugins/com.st.stm32cube.ide.mcu.externaltools.gnu-tools-for-stm32.13.3.rel1.win32_1.0.0.202411081344/tools/bin/../lib/gcc/arm-none-eabi/13.3.1/../../../../arm-none-eabi/lib/thumb/v7e-m+fp/hard\libc_nano.a(libc_a-reent.o) (_impure_ptr)
D:/Programs/STM32CubeIDE_1.19.0/STM32CubeIDE/plugins/com.st.stm32cube.ide.mcu.externaltools.gnu-tools-for-stm32.13.3.rel1.win32_1.0.0.202411081344/tools/bin/../lib/gcc/arm-none-eabi/13.3.1/../../../../arm-none-eabi/lib/thumb/v7e-m+fp/hard\libc_nano.a(libc_a-lseekr.o)
[...]
Memory Configuration

Name             Origin             Length             Attributes
RAM              0x20000000         0x00008000         xrw
FLASH            0x08000000         0x00020000         xr
*default*        0x00000000         0xffffffff

Linker script and memory map

LOAD D:/Programs/STM32CubeIDE_1.19.0/STM32CubeIDE/plugins/com.st.stm32cube.ide.mcu.externaltools.gnu-tools-for-stm32.13.3.rel1.win32_1.0.0.202411081344/tools/bin/../lib/gcc/arm-none-eabi/13.3.1/thumb/v7e-m+fp/hard/crti.o
LOAD D:/Programs/STM32CubeIDE_1.19.0/STM32CubeIDE/plugins/com.st.stm32cube.ide.mcu.externaltools.gnu-tools-for-stm32.13.3.rel1.win32_1.0.0.202411081344/tools/bin/../lib/gcc/arm-none-eabi/13.3.1/thumb/v7e-m+fp/hard/crtbegin.o
LOAD D:/Programs/STM32CubeIDE_1.19.0/STM32CubeIDE/plugins/com.st.stm32cube.ide.mcu.externaltools.gnu-tools-for-stm32.13.3.rel1.win32_1.0.0.202411081344/tools/bin/../lib/gcc/arm-none-eabi/13.3.1/../../../../arm-none-eabi/lib/thumb/v7e-m+fp/hard/crt0.o
LOAD ./Core/Src/gpio.o
LOAD ./Core/Src/main.o
LOAD ./Core/Src/stm32g4xx_hal_msp.o
LOAD ./Core/Src/stm32g4xx_it.o
LOAD ./Core/Src/syscalls.o
LOAD ./Core/Src/sysmem.o
LOAD ./Core/Src/system_stm32g4xx.o
LOAD ./Core/Src/usb.o
LOAD ./Core/Startup/startup_stm32g431rbtx.o
LOAD ./Drivers/STM32G4xx_HAL_Driver/Src/stm32g4xx_hal.o
LOAD ./Drivers/STM32G4xx_HAL_Driver/Src/stm32g4xx_hal_cortex.o
LOAD ./Drivers/STM32G4xx_HAL_Driver/Src/stm32g4xx_hal_dma.o
LOAD ./Drivers/STM32G4xx_HAL_Driver/Src/stm32g4xx_hal_dma_ex.o
LOAD ./Drivers/STM32G4xx_HAL_Driver/Src/stm32g4xx_hal_exti.o
LOAD ./Drivers/STM32G4xx_HAL_Driver/Src/stm32g4xx_hal_flash.o
LOAD ./Drivers/STM32G4xx_HAL_Driver/Src/stm32g4xx_hal_flash_ex.o
LOAD ./Drivers/STM32G4xx_HAL_Driver/Src/stm32g4xx_hal_flash_ramfunc.o
LOAD ./Drivers/STM32G4xx_HAL_Driver/Src/stm32g4xx_hal_gpio.o
LOAD ./Drivers/STM32G4xx_HAL_Driver/Src/stm32g4xx_hal_pcd.o
LOAD ./Drivers/STM32G4xx_HAL_Driver/Src/stm32g4xx_hal_pcd_ex.o
LOAD ./Drivers/STM32G4xx_HAL_Driver/Src/stm32g4xx_hal_pwr.o
LOAD ./Drivers/STM32G4xx_HAL_Driver/Src/stm32g4xx_hal_pwr_ex.o
LOAD ./Drivers/STM32G4xx_HAL_Driver/Src/stm32g4xx_hal_rcc.o
LOAD ./Drivers/STM32G4xx_HAL_Driver/Src/stm32g4xx_hal_rcc_ex.o
LOAD ./Drivers/STM32G4xx_HAL_Driver/Src/stm32g4xx_ll_usb.o
START GROUP
LOAD D:/Programs/STM32CubeIDE_1.19.0/STM32CubeIDE/plugins/com.st.stm32cube.ide.mcu.externaltools.gnu-tools-for-stm32.13.3.rel1.win32_1.0.0.202411081344/tools/bin/../lib/gcc/arm-none-eabi/13.3.1/../../../../arm-none-eabi/lib/thumb/v7e-m+fp/hard\libc_nano.a
LOAD D:/Programs/STM32CubeIDE_1.19.0/STM32CubeIDE/plugins/com.st.stm32cube.ide.mcu.externaltools.gnu-tools-for-stm32.13.3.rel1.win32_1.0.0.202411081344/tools/bin/../lib/gcc/arm-none-eabi/13.3.1/../../../../arm-none-eabi/lib/thumb/v7e-m+fp/hard\libm.a
END GROUP
START GROUP
LOAD D:/Programs/STM32CubeIDE_1.19.0/STM32CubeIDE/plugins/com.st.stm32cube.ide.mcu.externaltools.gnu-tools-for-stm32.13.3.rel1.win32_1.0.0.202411081344/tools/bin/../lib/gcc/arm-none-eabi/13.3.1/thumb/v7e-m+fp/hard\libgcc.a
LOAD D:/Programs/STM32CubeIDE_1.19.0/STM32CubeIDE/plugins/com.st.stm32cube.ide.mcu.externaltools.gnu-tools-for-stm32.13.3.rel1.win32_1.0.0.202411081344/tools/bin/../lib/gcc/arm-none-eabi/13.3.1/../../../../arm-none-eabi/lib/thumb/v7e-m+fp/hard\libc_nano.a
END GROUP
START GROUP
LOAD D:/Programs/STM32CubeIDE_1.19.0/STM32CubeIDE/plugins/com.st.stm32cube.ide.mcu.externaltools.gnu-tools-for-stm32.13.3.rel1.win32_1.0.0.202411081344/tools/bin/../lib/gcc/arm-none-eabi/13.3.1/thumb/v7e-m+fp/hard\libgcc.a
LOAD D:/Programs/STM32CubeIDE_1.19.0/STM32CubeIDE/plugins/com.st.stm32cube.ide.mcu.externaltools.gnu-tools-for-stm32.13.3.rel1.win32_1.0.0.202411081344/tools/bin/../lib/gcc/arm-none-eabi/13.3.1/../../../../arm-none-eabi/lib/thumb/v7e-m+fp/hard\libc_nano.a
LOAD D:/Programs/STM32CubeIDE_1.19.0/STM32CubeIDE/plugins/com.st.stm32cube.ide.mcu.externaltools.gnu-tools-for-stm32.13.3.rel1.win32_1.0.0.202411081344/tools/bin/../lib/gcc/arm-none-eabi/13.3.1/../../../../arm-none-eabi/lib/thumb/v7e-m+fp/hard\libnosys.a
END GROUP
START GROUP
LOAD D:/Programs/STM32CubeIDE_1.19.0/STM32CubeIDE/plugins/com.st.stm32cube.ide.mcu.externaltools.gnu-tools-for-stm32.13.3.rel1.win32_1.0.0.202411081344/tools/bin/../lib/gcc/arm-none-eabi/13.3.1/thumb/v7e-m+fp/hard\libgcc.a
LOAD D:/Programs/STM32CubeIDE_1.19.0/STM32CubeIDE/plugins/com.st.stm32cube.ide.mcu.externaltools.gnu-tools-for-stm32.13.3.rel1.win32_1.0.0.202411081344/tools/bin/../lib/gcc/arm-none-eabi/13.3.1/../../../../arm-none-eabi/lib/thumb/v7e-m+fp/hard\libc_nano.a
LOAD D:/Programs/STM32CubeIDE_1.19.0/STM32CubeIDE/plugins/com.st.stm32cube.ide.mcu.externaltools.gnu-tools-for-stm32.13.3.rel1.win32_1.0.0.202411081344/tools/bin/../lib/gcc/arm-none-eabi/13.3.1/../../../../arm-none-eabi/lib/thumb/v7e-m+fp/hard\libnosys.a
END GROUP
LOAD D:/Programs/STM32CubeIDE_1.19.0/STM32CubeIDE/plugins/com.st.stm32cube.ide.mcu.externaltools.gnu-tools-for-stm32.13.3.rel1.win32_1.0.0.202411081344/tools/bin/../lib/gcc/arm-none-eabi/13.3.1/thumb/v7e-m+fp/hard/crtend.o
LOAD D:/Programs/STM32CubeIDE_1.19.0/STM32CubeIDE/plugins/com.st.stm32cube.ide.mcu.externaltools.gnu-tools-for-stm32.13.3.rel1.win32_1.0.0.202411081344/tools/bin/../lib/gcc/arm-none-eabi/13.3.1/thumb/v7e-m+fp/hard/crtn.o
                0x20008000                        _estack = (ORIGIN (RAM) + LENGTH (RAM))
                0x00000200                        _Min_Heap_Size = 0x200
                0x00000400                        _Min_Stack_Size = 0x400

.isr_vector     0x08000000      0x1d8
                0x08000000                        . = ALIGN (0x4)
 *(.isr_vector)
 .isr_vector    0x08000000      0x1d8 ./Core/Startup/startup_stm32g431rbtx.o
                0x08000000                g_pfnVectors
                0x080001d8                        . = ALIGN (0x4)

.text           0x080001d8     0x39f8
                0x080001d8                        . = ALIGN (0x4)
 *(.text)
 .text          0x080001d8       0x40 D:/Programs/STM32CubeIDE_1.19.0/STM32CubeIDE/plugins/com.st.stm32cube.ide.mcu.externaltools.gnu-tools-for-stm32.13.3.rel1.win32_1.0.0.202411081344/tools/bin/../lib/gcc/arm-none-eabi/13.3.1/thumb/v7e-m+fp/hard/crtbegin.o
 *(.text*)
 .text.MX_GPIO_Init
                0x08000218       0x48 ./Core/Src/gpio.o
                0x08000218                MX_GPIO_Init
 .text.main     0x08000260       0x18 ./Core/Src/main.o
                0x08000260                main
 .text.SystemClock_Config
                0x08000278       0x9a ./Core/Src/main.o
                0x08000278                SystemClock_Config
 .text.Error_Handler
                0x08000312        0xc ./Core/Src/main.o
                0x08000312                Error_Handler
 *fill*         0x0800031e        0x2 
 .text.HAL_MspInit
                0x08000320       0x48 ./Core/Src/stm32g4xx_hal_msp.o
                0x08000320                HAL_MspInit
 .text.NMI_Handler
                0x08000368        0x8 ./Core/Src/stm32g4xx_it.o
                0x08000368                NMI_Handler
 .text.HardFault_Handler
                0x08000370        0x8 ./Core/Src/stm32g4xx_it.o
                0x08000370                HardFault_Handler
 .text.MemManage_Handler
                0x08000378        0x8 ./Core/Src/stm32g4xx_it.o
                0x08000378                MemManage_Handler
 .text.BusFault_Handler
                0x08000380        0x8 ./Core/Src/stm32g4xx_it.o
                0x08000380                BusFault_Handler
 .text.UsageFault_Handler
                0x08000388        0x8 ./Core/Src/stm32g4xx_it.o
                0x08000388                UsageFault_Handler
 .text.SVC_Handler
                0x08000390        0xe ./Core/Src/stm32g4xx_it.o
                0x08000390                SVC_Handler
 .text.DebugMon_Handler
                0x0800039e        0xe ./Core/Src/stm32g4xx_it.o
                0x0800039e                DebugMon_Handler
 .text.PendSV_Handler
                0x080003ac        0xe ./Core/Src/stm32g4xx_it.o
                0x080003ac                PendSV_Handler
 .text.SysTick_Handler
                0x080003ba        0xc ./Core/Src/stm32g4xx_it.o
                0x080003ba                SysTick_Handler
 *fill*         0x080003c6        0x2 
 .text.USB_LP_IRQHandler
                0x080003c8       0x14 ./Core/Src/stm32g4xx_it.o
                0x080003c8                USB_LP_IRQHandler
 .text.SystemInit
                0x080003dc       0x24 ./Core/Src/system_stm32g4xx.o
                0x080003dc                SystemInit
 .text.MX_USB_PCD_Init
                0x08000400       0x50 ./Core/Src/usb.o
                0x08000400                MX_USB_PCD_Init
 .text.HAL_PCD_MspInit
                0x08000450       0x78 ./Core/Src/usb.o
                0x08000450                HAL_PCD_MspInit
 .text.Reset_Handler
                0x080004c8       0x50 ./Core/Startup/startup_stm32g431rbtx.o
                0x080004c8                Reset_Handler
 .text.Default_Handler
                0x08000518        0x2 ./Core/Startup/startup_stm32g431rbtx.o
                0x08000518                RTC_Alarm_IRQHandler
                0x08000518                EXTI2_IRQHandler
                0x08000518                TIM8_TRG_COM_IRQHandler
                0x08000518                TIM8_CC_IRQHandler
                0x08000518                TIM1_CC_IRQHandler
                0x08000518                USB_HP_IRQHandler
                0x08000518                CORDIC_IRQHandler
                0x08000518                EXTI3_IRQHandler
                0x08000518                I2C3_ER_IRQHandler
                0x08000518                EXTI0_IRQHandler
                0x08000518                I2C2_EV_IRQHandler
                0x08000518                FPU_IRQHandler
                0x08000518                FDCAN1_IT1_IRQHandler
                0x08000518                TIM1_UP_TIM16_IRQHandler
                0x08000518                ADC1_2_IRQHandler
                0x08000518                SPI1_IRQHandler
                0x08000518                TIM6_DAC_IRQHandler
                0x08000518                TIM8_UP_IRQHandler
                0x08000518                DMA2_Channel2_IRQHandler
                0x08000518                DMA1_Channel4_IRQHandler
                0x08000518                USART3_IRQHandler
                0x08000518                TIM4_IRQHandler
                0x08000518                DMA2_Channel1_IRQHandler
                0x08000518                I2C1_EV_IRQHandler
                0x08000518                DMA1_Channel6_IRQHandler
                0x08000518                UART4_IRQHandler
                0x08000518                DMA2_Channel4_IRQHandler
                0x08000518                TIM3_IRQHandler
                0x08000518                RCC_IRQHandler
                0x08000518                DMA1_Channel1_IRQHandler
                0x08000518                Default_Handler
                0x08000518                RTC_TAMP_LSECSS_IRQHandler
                0x08000518                FMAC_IRQHandler
                0x08000518                EXTI15_10_IRQHandler
                0x08000518                TIM7_IRQHandler
                0x08000518                UCPD1_IRQHandler
                0x08000518                I2C3_EV_IRQHandler
                0x08000518                EXTI9_5_IRQHandler
                0x08000518                RTC_WKUP_IRQHandler
                0x08000518                PVD_PVM_IRQHandler
                0x08000518                SPI2_IRQHandler
                0x08000518                DMA2_Channel5_IRQHandler
                0x08000518                CRS_IRQHandler
                0x08000518                DMA1_Channel5_IRQHandler
                0x08000518                EXTI4_IRQHandler
                0x08000518                RNG_IRQHandler
                0x08000518                TIM1_TRG_COM_TIM17_IRQHandler
                0x08000518                DMA1_Channel3_IRQHandler
                0x08000518                WWDG_IRQHandler
                0x08000518                LPUART1_IRQHandler
                0x08000518                DMA2_Channel6_IRQHandler
                0x08000518                FDCAN1_IT0_IRQHandler
                0x08000518                TIM2_IRQHandler
                0x08000518                COMP1_2_3_IRQHandler
                0x08000518                EXTI1_IRQHandler
                0x08000518                USART2_IRQHandler
                0x08000518                I2C2_ER_IRQHandler
                0x08000518                DMA1_Channel2_IRQHandler
                0x08000518                TIM8_BRK_IRQHandler
                0x08000518                FLASH_IRQHandler
                0x08000518                USART1_IRQHandler
                0x08000518                SPI3_IRQHandler
                0x08000518                I2C1_ER_IRQHandler
                0x08000518                LPTIM1_IRQHandler
                0x08000518                DMAMUX_OVR_IRQHandler
                0x08000518                USBWakeUp_IRQHandler
                0x08000518                SAI1_IRQHandler
                0x08000518                DMA2_Channel3_IRQHandler
                0x08000518                COMP4_IRQHandler
                0x08000518                TIM1_BRK_TIM15_IRQHandler
 .text.HAL_Init
                0x0800051a       0x30 ./Drivers/STM32G4xx_HAL_Driver/Src/stm32g4xx_hal.o
                0x0800051a                HAL_Init
 *fill*         0x0800054a        0x2 
 .text.HAL_InitTick
                0x0800054c       0x74 ./Drivers/STM32G4xx_HAL_Driver/Src/stm32g4xx_hal.o
                0x0800054c                HAL_InitTick
 .text.HAL_IncTick
                0x080005c0       0x24 ./Drivers/STM32G4xx_HAL_Driver/Src/stm32g4xx_hal.o
                0x080005c0                HAL_IncTick
 .text.HAL_GetTick
                0x080005e4       0x18 ./Drivers/STM32G4xx_HAL_Driver/Src/stm32g4xx_hal.o
                0x080005e4                HAL_GetTick
 .text.__NVIC_SetPriorityGrouping
                0x080005fc       0x48 ./Drivers/STM32G4xx_HAL_Driver/Src/stm32g4xx_hal_cortex.o
 .text.__NVIC_GetPriorityGrouping
                0x08000644       0x1c ./Drivers/STM32G4xx_HAL_Driver/Src/stm32g4xx_hal_cortex.o
 .text.__NVIC_EnableIRQ
                0x08000660       0x3c ./Drivers/STM32G4xx_HAL_Driver/Src/stm32g4xx_hal_cortex.o
 .text.__NVIC_SetPriority
                0x0800069c       0x54 ./Drivers/STM32G4xx_HAL_Driver/Src/stm32g4xx_hal_cortex.o
 .text.NVIC_EncodePriority
                0x080006f0       0x66 ./Drivers/STM32G4xx_HAL_Driver/Src/stm32g4xx_hal_cortex.o
 *fill*         0x08000756        0x2 
 .text.SysTick_Config
                0x08000758       0x44 ./Drivers/STM32G4xx_HAL_Driver/Src/stm32g4xx_hal_cortex.o
 .text.HAL_NVIC_SetPriorityGrouping
                0x0800079c       0x16 ./Drivers/STM32G4xx_HAL_Driver/Src/stm32g4xx_hal_cortex.o
                0x0800079c                HAL_NVIC_SetPriorityGrouping
 .text.HAL_NVIC_SetPriority
                0x080007b2       0x34 ./Drivers/STM32G4xx_HAL_Driver/Src/stm32g4xx_hal_cortex.o
                0x080007b2                HAL_NVIC_SetPriority
 .text.HAL_NVIC_EnableIRQ
                0x080007e6       0x1c ./Drivers/STM32G4xx_HAL_Driver/Src/stm32g4xx_hal_cortex.o
                0x080007e6                HAL_NVIC_EnableIRQ
 .text.HAL_SYSTICK_Config
                0x08000802       0x18 ./Drivers/STM32G4xx_HAL_Driver/Src/stm32g4xx_hal_cortex.o
                0x08000802                HAL_SYSTICK_Config
 .text.HAL_PCD_Init
                0x0800081a      0x19c ./Drivers/STM32G4xx_HAL_Driver/Src/stm32g4xx_hal_pcd.o
                0x0800081a                HAL_PCD_Init
 .text.HAL_PCD_IRQHandler
                0x080009b6      0x24e ./Drivers/STM32G4xx_HAL_Driver/Src/stm32g4xx_hal_pcd.o
                0x080009b6                HAL_PCD_IRQHandler
 .text.HAL_PCD_DataOutStageCallback
                0x08000c04       0x18 ./Drivers/STM32G4xx_HAL_Driver/Src/stm32g4xx_hal_pcd.o
                0x08000c04                HAL_PCD_DataOutStageCallback
 .text.HAL_PCD_DataInStageCallback
                0x08000c1c       0x18 ./Drivers/STM32G4xx_HAL_Driver/Src/stm32g4xx_hal_pcd.o
                0x08000c1c                HAL_PCD_DataInStageCallback
 .text.HAL_PCD_SetupStageCallback
                0x08000c34       0x14 ./Drivers/STM32G4xx_HAL_Driver/Src/stm32g4xx_hal_pcd.o
                0x08000c34                HAL_PCD_SetupStageCallback
 .text.HAL_PCD_SOFCallback
                0x08000c48       0x14 ./Drivers/STM32G4xx_HAL_Driver/Src/stm32g4xx_hal_pcd.o
                0x08000c48                HAL_PCD_SOFCallback
 .text.HAL_PCD_ResetCallback
                0x08000c5c       0x14 ./Drivers/STM32G4xx_HAL_Driver/Src/stm32g4xx_hal_pcd.o
                0x08000c5c                HAL_PCD_ResetCallback
 .text.HAL_PCD_SuspendCallback
                0x08000c70       0x14 ./Drivers/STM32G4xx_HAL_Driver/Src/stm32g4xx_hal_pcd.o
                0x08000c70                HAL_PCD_SuspendCallback
 .text.HAL_PCD_ResumeCallback
                0x08000c84       0x14 ./Drivers/STM32G4xx_HAL_Driver/Src/stm32g4xx_hal_pcd.o
                0x08000c84                HAL_PCD_ResumeCallback
 .text.HAL_PCD_SetAddress
                0x08000c98       0x48 ./Drivers/STM32G4xx_HAL_Driver/Src/stm32g4xx_hal_pcd.o
                0x08000c98                HAL_PCD_SetAddress
 .text.PCD_EP_ISR_Handler
                0x08000ce0      0x71c ./Drivers/STM32G4xx_HAL_Driver/Src/stm32g4xx_hal_pcd.o
 .text.HAL_PCD_EP_DB_Receive
                0x080013fc      0x212 ./Drivers/STM32G4xx_HAL_Driver/Src/stm32g4xx_hal_pcd.o
 .text.HAL_PCD_EP_DB_Transmit
                0x0800160e      0x878 ./Drivers/STM32G4xx_HAL_Driver/Src/stm32g4xx_hal_pcd.o
 .text.HAL_PCDEx_ActivateLPM
                0x08001e86       0x54 ./Drivers/STM32G4xx_HAL_Driver/Src/stm32g4xx_hal_pcd_ex.o
                0x08001e86                HAL_PCDEx_ActivateLPM
 .text.HAL_PCDEx_LPM_Callback
                0x08001eda       0x18 ./Drivers/STM32G4xx_HAL_Driver/Src/stm32g4xx_hal_pcd_ex.o
                0x08001eda                HAL_PCDEx_LPM_Callback
 *fill*         0x08001ef2        0x2 
 .text.HAL_PWREx_ControlVoltageScaling
                0x08001ef4      0x148 ./Drivers/STM32G4xx_HAL_Driver/Src/stm32g4xx_hal_pwr_ex.o
                0x08001ef4                HAL_PWREx_ControlVoltageScaling
 .text.HAL_PWREx_DisableUCPDDeadBattery
                0x0800203c       0x20 ./Drivers/STM32G4xx_HAL_Driver/Src/stm32g4xx_hal_pwr_ex.o
                0x0800203c                HAL_PWREx_DisableUCPDDeadBattery
 .text.HAL_RCC_OscConfig
                0x0800205c      0x624 ./Drivers/STM32G4xx_HAL_Driver/Src/stm32g4xx_hal_rcc.o
                0x0800205c                HAL_RCC_OscConfig
 .text.HAL_RCC_ClockConfig
                0x08002680      0x278 ./Drivers/STM32G4xx_HAL_Driver/Src/stm32g4xx_hal_rcc.o
                0x08002680                HAL_RCC_ClockConfig
 .text.HAL_RCC_GetSysClockFreq
                0x080028f8       0xc4 ./Drivers/STM32G4xx_HAL_Driver/Src/stm32g4xx_hal_rcc.o
                0x080028f8                HAL_RCC_GetSysClockFreq
 .text.RCC_GetSysClockFreqFromPLLSource
                0x080029bc       0x8c ./Drivers/STM32G4xx_HAL_Driver/Src/stm32g4xx_hal_rcc.o
 .text.HAL_RCCEx_PeriphCLKConfig
                0x08002a48      0x3e0 ./Drivers/STM32G4xx_HAL_Driver/Src/stm32g4xx_hal_rcc_ex.o
                0x08002a48                HAL_RCCEx_PeriphCLKConfig
 .text.USB_DisableGlobalInt
                0x08002e28       0x36 ./Drivers/STM32G4xx_HAL_Driver/Src/stm32g4xx_ll_usb.o
                0x08002e28                USB_DisableGlobalInt
 .text.USB_DevInit
                0x08002e5e       0x3c ./Drivers/STM32G4xx_HAL_Driver/Src/stm32g4xx_ll_usb.o
                0x08002e5e                USB_DevInit
 .text.USB_EPStartXfer
                0x08002e9a      0xb5e ./Drivers/STM32G4xx_HAL_Driver/Src/stm32g4xx_ll_usb.o
                0x08002e9a                USB_EPStartXfer
 .text.USB_SetDevAddress
                0x080039f8       0x28 ./Drivers/STM32G4xx_HAL_Driver/Src/stm32g4xx_ll_usb.o
                0x080039f8                USB_SetDevAddress
 .text.USB_ReadInterrupts
                0x08003a20       0x20 ./Drivers/STM32G4xx_HAL_Driver/Src/stm32g4xx_ll_usb.o
                0x08003a20                USB_ReadInterrupts
 .text.USB_WritePMA
                0x08003a40       0x86 ./Drivers/STM32G4xx_HAL_Driver/Src/stm32g4xx_ll_usb.o
                0x08003a40                USB_WritePMA
 .text.USB_ReadPMA
                0x08003ac6       0x98 ./Drivers/STM32G4xx_HAL_Driver/Src/stm32g4xx_ll_usb.o
                0x08003ac6                USB_ReadPMA
 .text.memset   0x08003b5e       0x10 D:/Programs/STM32CubeIDE_1.19.0/STM32CubeIDE/plugins/com.st.stm32cube.ide.mcu.externaltools.gnu-tools-for-stm32.13.3.rel1.win32_1.0.0.202411081344/tools/bin/../lib/gcc/arm-none-eabi/13.3.1/../../../../arm-none-eabi/lib/thumb/v7e-m+fp/hard\libc_nano.a(libc_a-memset.o)
                0x08003b5e                memset
 *fill*         0x08003b6e        0x2 
 .text.__libc_init_array
                0x08003b70       0x48 D:/Programs/STM32CubeIDE_1.19.0/STM32CubeIDE/plugins/com.st.stm32cube.ide.mcu.externaltools.gnu-tools-for-stm32.13.3.rel1.win32_1.0.0.202411081344/tools/bin/../lib/gcc/arm-none-eabi/13.3.1/../../../../arm-none-eabi/lib/thumb/v7e-m+fp/hard\libc_nano.a(libc_a-init.o)
                0x08003b70                __libc_init_array
 *(.glue_7)
 .glue_7        0x08003bb8        0x0 linker stubs
 *(.glue_7t)
 .glue_7t       0x08003bb8        0x0 linker stubs
 *(.eh_frame)
 .eh_frame      0x08003bb8        0x0 D:/Programs/STM32CubeIDE_1.19.0/STM32CubeIDE/plugins/com.st.stm32cube.ide.mcu.externaltools.gnu-tools-for-stm32.13.3.rel1.win32_1.0.0.202411081344/tools/bin/../lib/gcc/arm-none-eabi/13.3.1/thumb/v7e-m+fp/hard/crtbegin.o
 *(.init)
 .init          0x08003bb8        0x4 D:/Programs/STM32CubeIDE_1.19.0/STM32CubeIDE/plugins/com.st.stm32cube.ide.mcu.externaltools.gnu-tools-for-stm32.13.3.rel1.win32_1.0.0.202411081344/tools/bin/../lib/gcc/arm-none-eabi/13.3.1/thumb/v7e-m+fp/hard/crti.o
                0x08003bb8                _init
 .init          0x08003bbc        0x8 D:/Programs/STM32CubeIDE_1.19.0/STM32CubeIDE/plugins/com.st.stm32cube.ide.mcu.externaltools.gnu-tools-for-stm32.13.3.rel1.win32_1.0.0.202411081344/tools/bin/../lib/gcc/arm-none-eabi/13.3.1/thumb/v7e-m+fp/hard/crtn.o
 *(.fini)
 .fini          0x08003bc4        0x4 D:/Programs/STM32CubeIDE_1.19.0/STM32CubeIDE/plugins/com.st.stm32cube.ide.mcu.externaltools.gnu-tools-for-stm32.13.3.rel1.win32_1.0.0.202411081344/tools/bin/../lib/gcc/arm-none-eabi/13.3.1/thumb/v7e-m+fp/hard/crti.o
                0x08003bc4                _fini
 .fini          0x08003bc8        0x8 D:/Programs/STM32CubeIDE_1.19.0/STM32CubeIDE/plugins/com.st.stm32cube.ide.mcu.externaltools.gnu-tools-for-stm32.13.3.rel1.win32_1.0.0.202411081344/tools/bin/../lib/gcc/arm-none-eabi/13.3.1/thumb/v7e-m+fp/hard/crtn.o
                0x08003bd0                        . = ALIGN (0x4)
                0x08003bd0                        _etext = .

.vfp11_veneer   0x08003bd0        0x0
 .vfp11_veneer  0x08003bd0        0x0 linker stubs

.v4_bx          0x08003bd0        0x0
 .v4_bx         0x08003bd0        0x0 linker stubs

.iplt           0x08003bd0        0x0
 .iplt          0x08003bd0        0x0 D:/Programs/STM32CubeIDE_1.19.0/STM32CubeIDE/plugins/com.st.stm32cube.ide.mcu.externaltools.gnu-tools-for-stm32.13.3.rel1.win32_1.0.0.202411081344/tools/bin/../lib/gcc/arm-none-eabi/13.3.1/thumb/v7e-m+fp/hard/crtbegin.o

.rodata         0x08003bd0       0x10
                0x08003bd0                        . = ALIGN (0x4)
 *(.rodata)
 *(.rodata*)
 .rodata.AHBPrescTable
                0x08003bd0       0x10 ./Core/Src/system_stm32g4xx.o
                0x08003bd0                AHBPrescTable
                0x08003be0                        . = ALIGN (0x4)

.ARM.extab      0x08003be0        0x0
                0x08003be0                        . = ALIGN (0x4)
 *(.ARM.extab* .gnu.linkonce.armextab.*)
                0x08003be0                        . = ALIGN (0x4)

.ARM            0x08003be0        0x0
                0x08003be0                        . = ALIGN (0x4)
                0x08003be0                        __exidx_start = .
 *(.ARM.exidx*)
                0x08003be0                        __exidx_end = .
                0x08003be0                        . = ALIGN (0x4)

.preinit_array  0x08003be0        0x0
                0x08003be0                        . = ALIGN (0x4)
                0x08003be0                        PROVIDE (__preinit_array_start = .)
 *(.preinit_array*)
                0x08003be0                        PROVIDE (__preinit_array_end = .)
                0x08003be0                        . = ALIGN (0x4)

.init_array     0x08003be0        0x4
                0x08003be0                        . = ALIGN (0x4)
                0x08003be0                        PROVIDE (__init_array_start = .)
 *(SORT_BY_NAME(.init_array.*))
 *(.init_array*)
 .init_array    0x08003be0        0x4 D:/Programs/STM32CubeIDE_1.19.0/STM32CubeIDE/plugins/com.st.stm32cube.ide.mcu.externaltools.gnu-tools-for-stm32.13.3.rel1.win32_1.0.0.202411081344/tools/bin/../lib/gcc/arm-none-eabi/13.3.1/thumb/v7e-m+fp/hard/crtbegin.o
                0x08003be4                        PROVIDE (__init_array_end = .)
                0x08003be4                        . = ALIGN (0x4)

.fini_array     0x08003be4        0x4
                0x08003be4                        . = ALIGN (0x4)
                [!provide]                        PROVIDE (__fini_array_start = .)
 *(SORT_BY_NAME(.fini_array.*))
 *(.fini_array*)
 .fini_array    0x08003be4        0x4 D:/Programs/STM32CubeIDE_1.19.0/STM32CubeIDE/plugins/com.st.stm32cube.ide.mcu.externaltools.gnu-tools-for-stm32.13.3.rel1.win32_1.0.0.202411081344/tools/bin/../lib/gcc/arm-none-eabi/13.3.1/thumb/v7e-m+fp/hard/crtbegin.o
                [!provide]                        PROVIDE (__fini_array_end = .)
                0x08003be8                        . = ALIGN (0x4)
                0x08003be8                        _sidata = LOADADDR (.data)

.rel.dyn        0x08003be8        0x0
 .rel.iplt      0x08003be8        0x0 D:/Programs/STM32CubeIDE_1.19.0/STM32CubeIDE/plugins/com.st.stm32cube.ide.mcu.externaltools.gnu-tools-for-stm32.13.3.rel1.win32_1.0.0.202411081344/tools/bin/../lib/gcc/arm-none-eabi/13.3.1/thumb/v7e-m+fp/hard/crtbegin.o

.data           0x20000000        0xc load address 0x08003be8
                0x20000000                        . = ALIGN (0x4)
                0x20000000                        _sdata = .
 *(.data)
 *(.data*)
 .data.SystemCoreClock
                0x20000000        0x4 ./Core/Src/system_stm32g4xx.o
                0x20000000                SystemCoreClock
 .data.uwTickPrio
                0x20000004        0x4 ./Drivers/STM32G4xx_HAL_Driver/Src/stm32g4xx_hal.o
                0x20000004                uwTickPrio
 .data.uwTickFreq
                0x20000008        0x4 ./Drivers/STM32G4xx_HAL_Driver/Src/stm32g4xx_hal.o
                0x20000008                uwTickFreq
 *(.RamFunc)
 *(.RamFunc*)
                0x2000000c                        . = ALIGN (0x4)
                0x2000000c                        _edata = .

.igot.plt       0x2000000c        0x0 load address 0x08003bf4
 .igot.plt      0x2000000c        0x0 D:/Programs/STM32CubeIDE_1.19.0/STM32CubeIDE/plugins/com.st.stm32cube.ide.mcu.externaltools.gnu-tools-for-stm32.13.3.rel1.win32_1.0.0.202411081344/tools/bin/../lib/gcc/arm-none-eabi/13.3.1/thumb/v7e-m+fp/hard/crtbegin.o
                0x2000000c                        . = ALIGN (0x4)

.bss            0x2000000c      0x2fc load address 0x08003bf4
                0x2000000c                        _sbss = .
                0x2000000c                        __bss_start__ = _sbss
 *(.bss)
 .bss           0x2000000c       0x1c D:/Programs/STM32CubeIDE_1.19.0/STM32CubeIDE/plugins/com.st.stm32cube.ide.mcu.externaltools.gnu-tools-for-stm32.13.3.rel1.win32_1.0.0.202411081344/tools/bin/../lib/gcc/arm-none-eabi/13.3.1/thumb/v7e-m+fp/hard/crtbegin.o
 *(.bss*)
 .bss.hpcd_USB_FS
                0x20000028      0x2dc ./Core/Src/usb.o
                0x20000028                hpcd_USB_FS
 .bss.uwTick    0x20000304        0x4 ./Drivers/STM32G4xx_HAL_Driver/Src/stm32g4xx_hal.o
                0x20000304                uwTick
 *(COMMON)
                0x20000308                        . = ALIGN (0x4)
                0x20000308                        _ebss = .
                0x20000308                        __bss_end__ = _ebss

._user_heap_stack
                0x20000308      0x600 load address 0x08003bf4
                0x20000308                        . = ALIGN (0x8)
                [!provide]                        PROVIDE (end = .)
                0x20000308                        PROVIDE (_end = .)
                0x20000508                        . = (. + _Min_Heap_Size)
 *fill*         0x20000308      0x200 
                0x20000908                        . = (. + _Min_Stack_Size)
 *fill*         0x20000508      0x400 
                0x20000908                        . = ALIGN (0x8)

/DISCARD/
 libc.a(*)
 libm.a(*)
 libgcc.a(*)

.ARM.attributes
                0x00000000       0x30
 *(.ARM.attributes)
 .ARM.attributes
                0x00000000       0x22 D:/Programs/STM32CubeIDE_1.19.0/STM32CubeIDE/plugins/com.st.stm32cube.ide.mcu.externaltools.gnu-tools-for-stm32.13.3.rel1.win32_1.0.0.202411081344/tools/bin/../lib/gcc/arm-none-eabi/13.3.1/thumb/v7e-m+fp/hard/crti.o
 .ARM.attributes
                0x00000022       0x34 D:/Programs/STM32CubeIDE_1.19.0/STM32CubeIDE/plugins/com.st.stm32cube.ide.mcu.externaltools.gnu-tools-for-stm32.13.3.rel1.win32_1.0.0.202411081344/tools/bin/../lib/gcc/arm-none-eabi/13.3.1/thumb/v7e-m+fp/hard/crtbegin.o
 .ARM.attributes
                0x00000056       0x34 ./Core/Src/gpio.o
 .ARM.attributes
                0x0000008a       0x34 ./Core/Src/main.o
 .ARM.attributes
                0x000000be       0x34 ./Core/Src/stm32g4xx_hal_msp.o
 .ARM.attributes
                0x000000f2       0x34 ./Core/Src/stm32g4xx_it.o
 .ARM.attributes
                0x00000126       0x34 ./Core/Src/system_stm32g4xx.o
 .ARM.attributes
                0x0000015a       0x34 ./Core/Src/usb.o
 .ARM.attributes
                0x0000018e       0x21 ./Core/Startup/startup_stm32g431rbtx.o
 .ARM.attributes
                0x000001af       0x34 ./Drivers/STM32G4xx_HAL_Driver/Src/stm32g4xx_hal.o
 .ARM.attributes
                0x000001e3       0x34 ./Drivers/STM32G4xx_HAL_Driver/Src/stm32g4xx_hal_cortex.o
 .ARM.attributes
                0x00000217       0x34 ./Drivers/STM32G4xx_HAL_Driver/Src/stm32g4xx_hal_pcd.o
 .ARM.attributes
                0x0000024b       0x34 ./Drivers/STM32G4xx_HAL_Driver/Src/stm32g4xx_hal_pcd_ex.o
 .ARM.attributes
                0x0000027f       0x34 ./Drivers/STM32G4xx_HAL_Driver/Src/stm32g4xx_hal_pwr_ex.o
 .ARM.attributes
                0x000002b3       0x34 ./Drivers/STM32G4xx_HAL_Driver/Src/stm32g4xx_hal_rcc.o
 .ARM.attributes
                0x000002e7       0x34 ./Drivers/STM32G4xx_HAL_Driver/Src/stm32g4xx_hal_rcc_ex.o
 .ARM.attributes
                0x0000031b       0x34 ./Drivers/STM32G4xx_HAL_Driver/Src/stm32g4xx_ll_usb.o
 .ARM.attributes
                0x0000034f       0x34 D:/Programs/STM32CubeIDE_1.19.0/STM32CubeIDE/plugins/com.st.stm32cube.ide.mcu.externaltools.gnu-tools-for-stm32.13.3.rel1.win32_1.0.0.202411081344/tools/bin/../lib/gcc/arm-none-eabi/13.3.1/../../../../arm-none-eabi/lib/thumb/v7e-m+fp/hard\libc_nano.a(libc_a-memset.o)
 .ARM.attributes
                0x00000383       0x34 D:/Programs/STM32CubeIDE_1.19.0/STM32CubeIDE/plugins/com.st.stm32cube.ide.mcu.externaltools.gnu-tools-for-stm32.13.3.rel1.win32_1.0.0.202411081344/tools/bin/../lib/gcc/arm-none-eabi/13.3.1/../../../../arm-none-eabi/lib/thumb/v7e-m+fp/hard\libc_nano.a(libc_a-init.o)
 .ARM.attributes
                0x000003b7       0x22 D:/Programs/STM32CubeIDE_1.19.0/STM32CubeIDE/plugins/com.st.stm32cube.ide.mcu.externaltools.gnu-tools-for-stm32.13.3.rel1.win32_1.0.0.202411081344/tools/bin/../lib/gcc/arm-none-eabi/13.3.1/thumb/v7e-m+fp/hard/crtn.o
OUTPUT(TenoDX-3.elf elf32-littlearm)
LOAD linker stubs
LOAD D:/Programs/STM32CubeIDE_1.19.0/STM32CubeIDE/plugins/com.st.stm32cube.ide.mcu.externaltools.gnu-tools-for-stm32.13.3.rel1.win32_1.0.0.202411081344/tools/bin/../lib/gcc/arm-none-eabi/13.3.1/../../../../arm-none-eabi/lib/thumb/v7e-m+fp/hard\libc.a
LOAD D:/Programs/STM32CubeIDE_1.19.0/STM32CubeIDE/plugins/com.st.stm32cube.ide.mcu.externaltools.gnu-tools-for-stm32.13.3.rel1.win32_1.0.0.202411081344/tools/bin/../lib/gcc/arm-none-eabi/13.3.1/../../../../arm-none-eabi/lib/thumb/v7e-m+fp/hard\libm.a
LOAD D:/Programs/STM32CubeIDE_1.19.0/STM32CubeIDE/plugins/com.st.stm32cube.ide.mcu.externaltools.gnu-tools-for-stm32.13.3.rel1.win32_1.0.0.202411081344/tools/bin/../lib/gcc/arm-none-eabi/13.3.1/thumb/v7e-m+fp/hard\libgcc.a

.debug_info     0x00000000     0x8d19
 .debug_info    0x00000000      0x2d1 ./Core/Src/gpio.o
 .debug_info    0x000002d1      0x2cb ./Core/Src/main.o
 .debug_info    0x0000059c      0x2da ./Core/Src/stm32g4xx_hal_msp.o
 .debug_info    0x00000876      0x632 ./Core/Src/stm32g4xx_it.o
 .debug_info    0x00000ea8      0x58e ./Core/Src/system_stm32g4xx.o
 .debug_info    0x00001436      0xba2 ./Core/Src/usb.o
 .debug_info    0x00001fd8       0x30 ./Core/Startup/startup_stm32g431rbtx.o
 .debug_info    0x00002008      0xadb ./Drivers/STM32G4xx_HAL_Driver/Src/stm32g4xx_hal.o
 .debug_info    0x00002ae3      0xd3f ./Drivers/STM32G4xx_HAL_Driver/Src/stm32g4xx_hal_cortex.o
 .debug_info    0x00003822     0x166a ./Drivers/STM32G4xx_HAL_Driver/Src/stm32g4xx_hal_pcd.o
 .debug_info    0x00004e8c      0x80a ./Drivers/STM32G4xx_HAL_Driver/Src/stm32g4xx_hal_pcd_ex.o
 .debug_info    0x00005696      0x944 ./Drivers/STM32G4xx_HAL_Driver/Src/stm32g4xx_hal_pwr_ex.o
 .debug_info    0x00005fda      0xb9b ./Drivers/STM32G4xx_HAL_Driver/Src/stm32g4xx_hal_rcc.o
 .debug_info    0x00006b75      0xc2d ./Drivers/STM32G4xx_HAL_Driver/Src/stm32g4xx_hal_rcc_ex.o
 .debug_info    0x000077a2     0x1577 ./Drivers/STM32G4xx_HAL_Driver/Src/stm32g4xx_ll_usb.o

.debug_abbrev   0x00000000     0x1bf7
 .debug_abbrev  0x00000000       0xc6 ./Core/Src/gpio.o
 .debug_abbrev  0x000000c6      0x16b ./Core/Src/main.o
 .debug_abbrev  0x00000231       0xd9 ./Core/Src/stm32g4xx_hal_msp.o
 .debug_abbrev  0x0000030a      0x192 ./Core/Src/stm32g4xx_it.o
 .debug_abbrev  0x0000049c      0x11a ./Core/Src/system_stm32g4xx.o
 .debug_abbrev  0x000005b6      0x212 ./Core/Src/usb.o
 .debug_abbrev  0x000007c8       0x24 ./Core/Startup/startup_stm32g431rbtx.o
 .debug_abbrev  0x000007ec      0x271 ./Drivers/STM32G4xx_HAL_Driver/Src/stm32g4xx_hal.o
 .debug_abbrev  0x00000a5d      0x31c ./Drivers/STM32G4xx_HAL_Driver/Src/stm32g4xx_hal_cortex.o
 .debug_abbrev  0x00000d79      0x2b9 ./Drivers/STM32G4xx_HAL_Driver/Src/stm32g4xx_hal_pcd.o
 .debug_abbrev  0x00001032      0x228 ./Drivers/STM32G4xx_HAL_Driver/Src/stm32g4xx_hal_pcd_ex.o
 .debug_abbrev  0x0000125a      0x22c ./Drivers/STM32G4xx_HAL_Driver/Src/stm32g4xx_hal_pwr_ex.o
 .debug_abbrev  0x00001486      0x2c9 ./Drivers/STM32G4xx_HAL_Driver/Src/stm32g4xx_hal_rcc.o
 .debug_abbrev  0x0000174f      0x261 ./Drivers/STM32G4xx_HAL_Driver/Src/stm32g4xx_hal_rcc_ex.o
 .debug_abbrev  0x000019b0      0x247 ./Drivers/STM32G4xx_HAL_Driver/Src/stm32g4xx_ll_usb.o

.debug_aranges  0x00000000      0x8a8
 .debug_aranges
                0x00000000       0x20 ./Core/Src/gpio.o
 .debug_aranges
                0x00000020       0x30 ./Core/Src/main.o
 .debug_aranges
                0x00000050       0x20 ./Core/Src/stm32g4xx_hal_msp.o
 .debug_aranges
                0x00000070       0x68 ./Core/Src/stm32g4xx_it.o
 .debug_aranges
                0x000000d8       0x28 ./Core/Src/system_stm32g4xx.o
 .debug_aranges
                0x00000100       0x30 ./Core/Src/usb.o
 .debug_aranges
                0x00000130       0x28 ./Core/Startup/startup_stm32g431rbtx.o
 .debug_aranges
                0x00000158      0x148 ./Drivers/STM32G4xx_HAL_Driver/Src/stm32g4xx_hal.o
 .debug_aranges
                0x000002a0      0x128 ./Drivers/STM32G4xx_HAL_Driver/Src/stm32g4xx_hal_cortex.o
 .debug_aranges
                0x000003c8      0x138 ./Drivers/STM32G4xx_HAL_Driver/Src/stm32g4xx_hal_pcd.o
 .debug_aranges
                0x00000500       0x58 ./Drivers/STM32G4xx_HAL_Driver/Src/stm32g4xx_hal_pcd_ex.o
 .debug_aranges
                0x00000558      0x140 ./Drivers/STM32G4xx_HAL_Driver/Src/stm32g4xx_hal_pwr_ex.o
 .debug_aranges
                0x00000698       0x98 ./Drivers/STM32G4xx_HAL_Driver/Src/stm32g4xx_hal_rcc.o
 .debug_aranges
                0x00000730       0xb0 ./Drivers/STM32G4xx_HAL_Driver/Src/stm32g4xx_hal_rcc_ex.o
 .debug_aranges
                0x000007e0       0xc8 ./Drivers/STM32G4xx_HAL_Driver/Src/stm32g4xx_ll_usb.o

.debug_rnglists
                0x00000000      0x65e
 .debug_rnglists
                0x00000000       0x13 ./Core/Src/gpio.o
 .debug_rnglists
                0x00000013       0x20 ./Core/Src/main.o
 .debug_rnglists
                0x00000033       0x13 ./Core/Src/stm32g4xx_hal_msp.o
 .debug_rnglists
                0x00000046       0x49 ./Core/Src/stm32g4xx_it.o
 .debug_rnglists
                0x0000008f       0x1a ./Core/Src/system_stm32g4xx.o
 .debug_rnglists
                0x000000a9       0x1f ./Core/Src/usb.o
 .debug_rnglists
                0x000000c8       0x19 ./Core/Startup/startup_stm32g431rbtx.o
 .debug_rnglists
                0x000000e1       0xf1 ./Drivers/STM32G4xx_HAL_Driver/Src/stm32g4xx_hal.o
 .debug_rnglists
                0x000001d2       0xda ./Drivers/STM32G4xx_HAL_Driver/Src/stm32g4xx_hal_cortex.o
 .debug_rnglists
                0x000002ac       0xee ./Drivers/STM32G4xx_HAL_Driver/Src/stm32g4xx_hal_pcd.o
 .debug_rnglists
                0x0000039a       0x3f ./Drivers/STM32G4xx_HAL_Driver/Src/stm32g4xx_hal_pcd_ex.o
 .debug_rnglists
                0x000003d9       0xf1 ./Drivers/STM32G4xx_HAL_Driver/Src/stm32g4xx_hal_pwr_ex.o
 .debug_rnglists
                0x000004ca       0x74 ./Drivers/STM32G4xx_HAL_Driver/Src/stm32g4xx_hal_rcc.o
 .debug_rnglists
                0x0000053e       0x87 ./Drivers/STM32G4xx_HAL_Driver/Src/stm32g4xx_hal_rcc_ex.o
 .debug_rnglists
                0x000005c5       0x99 ./Drivers/STM32G4xx_HAL_Driver/Src/stm32g4xx_ll_usb.o

.debug_macro    0x00000000    0x1c04e
 .debug_macro   0x00000000      0x1de ./Core/Src/gpio.o
 .debug_macro   0x000001de      0xad8 ./Core/Src/gpio.o
 .debug_macro   0x00000cb6      0x155 ./Core/Src/gpio.o
 .debug_macro   0x00000e0b       0x2e ./Core/Src/gpio.o
 .debug_macro   0x00000e39       0x28 ./Core/Src/gpio.o
 .debug_macro   0x00000e61       0x22 ./Core/Src/gpio.o
 .debug_macro   0x00000e83       0x8e ./Core/Src/gpio.o
 .debug_macro   0x00000f11       0x51 ./Core/Src/gpio.o
 .debug_macro   0x00000f62      0x103 ./Core/Src/gpio.o
 .debug_macro   0x00001065       0x6a ./Core/Src/gpio.o
 .debug_macro   0x000010cf      0x1df ./Core/Src/gpio.o
 .debug_macro   0x000012ae       0x1c ./Core/Src/gpio.o
 .debug_macro   0x000012ca       0x22 ./Core/Src/gpio.o
 .debug_macro   0x000012ec       0xfb ./Core/Src/gpio.o
 .debug_macro   0x000013e7     0x1011 ./Core/Src/gpio.o
 .debug_macro   0x000023f8      0x11f ./Core/Src/gpio.o
 .debug_macro   0x00002517    0x1138f ./Core/Src/gpio.o
 .debug_macro   0x000138a6       0x6d ./Core/Src/gpio.o
 .debug_macro   0x00013913     0x3558 ./Core/Src/gpio.o
 .debug_macro   0x00016e6b      0x190 ./Core/Src/gpio.o
 .debug_macro   0x00016ffb       0x5c ./Core/Src/gpio.o
 .debug_macro   0x00017057     0x141d ./Core/Src/gpio.o
 .debug_macro   0x00018474      0x535 ./Core/Src/gpio.o
 .debug_macro   0x000189a9      0x1b6 ./Core/Src/gpio.o
 .debug_macro   0x00018b5f      0x288 ./Core/Src/gpio.o
 .debug_macro   0x00018de7      0x41d ./Core/Src/gpio.o
 .debug_macro   0x00019204      0x18b ./Core/Src/gpio.o
 .debug_macro   0x0001938f       0x43 ./Core/Src/gpio.o
 .debug_macro   0x000193d2      0x23d ./Core/Src/gpio.o
 .debug_macro   0x0001960f      0x211 ./Core/Src/gpio.o
 .debug_macro   0x00019820      0x401 ./Core/Src/gpio.o
 .debug_macro   0x00019c21      0x107 ./Core/Src/gpio.o
 .debug_macro   0x00019d28       0x73 ./Core/Src/gpio.o
 .debug_macro   0x00019d9b      0x234 ./Core/Src/gpio.o
 .debug_macro   0x00019fcf      0x122 ./Core/Src/gpio.o
 .debug_macro   0x0001a0f1      0x3d1 ./Core/Src/gpio.o
 .debug_macro   0x0001a4c2      0x306 ./Core/Src/gpio.o
 .debug_macro   0x0001a7c8      0x1ec ./Core/Src/main.o
 .debug_macro   0x0001a9b4      0x1d4 ./Core/Src/stm32g4xx_hal_msp.o
 .debug_macro   0x0001ab88      0x1de ./Core/Src/stm32g4xx_it.o
 .debug_macro   0x0001ad66      0x1ca ./Core/Src/system_stm32g4xx.o
 .debug_macro   0x0001af30      0x1de ./Core/Src/usb.o
 .debug_macro   0x0001b10e      0x218 ./Drivers/STM32G4xx_HAL_Driver/Src/stm32g4xx_hal.o
 .debug_macro   0x0001b326      0x1ca ./Drivers/STM32G4xx_HAL_Driver/Src/stm32g4xx_hal_cortex.o
 .debug_macro   0x0001b4f0      0x1d6 ./Drivers/STM32G4xx_HAL_Driver/Src/stm32g4xx_hal_pcd.o
 .debug_macro   0x0001b6c6      0x1ca ./Drivers/STM32G4xx_HAL_Driver/Src/stm32g4xx_hal_pcd_ex.o
 .debug_macro   0x0001b890      0x1f4 ./Drivers/STM32G4xx_HAL_Driver/Src/stm32g4xx_hal_pwr_ex.o
 .debug_macro   0x0001ba84      0x20c ./Drivers/STM32G4xx_HAL_Driver/Src/stm32g4xx_hal_rcc.o
 .debug_macro   0x0001bc90      0x1f4 ./Drivers/STM32G4xx_HAL_Driver/Src/stm32g4xx_hal_rcc_ex.o
 .debug_macro   0x0001be84      0x1ca ./Drivers/STM32G4xx_HAL_Driver/Src/stm32g4xx_ll_usb.o

.debug_line     0x00000000     0xa1c9
 .debug_line    0x00000000      0x759 ./Core/Src/gpio.o
 .debug_line    0x00000759      0x7e6 ./Core/Src/main.o
 .debug_line    0x00000f3f      0x75d ./Core/Src/stm32g4xx_hal_msp.o
 .debug_line    0x0000169c      0x823 ./Core/Src/stm32g4xx_it.o
 .debug_line    0x00001ebf      0x7c9 ./Core/Src/system_stm32g4xx.o
 .debug_line    0x00002688      0x7ca ./Core/Src/usb.o
 .debug_line    0x00002e52       0x7b ./Core/Startup/startup_stm32g431rbtx.o
 .debug_line    0x00002ecd      0xb95 ./Drivers/STM32G4xx_HAL_Driver/Src/stm32g4xx_hal.o
 .debug_line    0x00003a62      0xcfa ./Drivers/STM32G4xx_HAL_Driver/Src/stm32g4xx_hal_cortex.o
 .debug_line    0x0000475c     0x131f ./Drivers/STM32G4xx_HAL_Driver/Src/stm32g4xx_hal_pcd.o
 .debug_line    0x00005a7b      0x8e3 ./Drivers/STM32G4xx_HAL_Driver/Src/stm32g4xx_hal_pcd_ex.o
 .debug_line    0x0000635e      0xcf4 ./Drivers/STM32G4xx_HAL_Driver/Src/stm32g4xx_hal_pwr_ex.o
 .debug_line    0x00007052     0x1018 ./Drivers/STM32G4xx_HAL_Driver/Src/stm32g4xx_hal_rcc.o
 .debug_line    0x0000806a     0x1145 ./Drivers/STM32G4xx_HAL_Driver/Src/stm32g4xx_hal_rcc_ex.o
 .debug_line    0x000091af     0x101a ./Drivers/STM32G4xx_HAL_Driver/Src/stm32g4xx_ll_usb.o

.debug_str      0x00000000    0xaf8a9
 .debug_str     0x00000000    0xaf8a9 ./Core/Src/gpio.o
                              0xacdf7 (size before relaxing)
 .debug_str     0x000af8a9    0xace92 ./Core/Src/main.o
 .debug_str     0x000af8a9    0xace18 ./Core/Src/stm32g4xx_hal_msp.o
 .debug_str     0x000af8a9    0xad114 ./Core/Src/stm32g4xx_it.o
 .debug_str     0x000af8a9    0xacea7 ./Core/Src/system_stm32g4xx.o
 .debug_str     0x000af8a9    0xad801 ./Core/Src/usb.o
 .debug_str     0x000af8a9       0x78 ./Core/Startup/startup_stm32g431rbtx.o
 .debug_str     0x000af8a9    0xad9e6 ./Drivers/STM32G4xx_HAL_Driver/Src/stm32g4xx_hal.o
 .debug_str     0x000af8a9    0xad6a2 ./Drivers/STM32G4xx_HAL_Driver/Src/stm32g4xx_hal_cortex.o
 .debug_str     0x000af8a9    0xad623 ./Drivers/STM32G4xx_HAL_Driver/Src/stm32g4xx_hal_pcd.o
 .debug_str     0x000af8a9    0xad25f ./Drivers/STM32G4xx_HAL_Driver/Src/stm32g4xx_hal_pcd_ex.o
 .debug_str     0x000af8a9    0xad395 ./Drivers/STM32G4xx_HAL_Driver/Src/stm32g4xx_hal_pwr_ex.o
 .debug_str     0x000af8a9    0xad5a0 ./Drivers/STM32G4xx_HAL_Driver/Src/stm32g4xx_hal_rcc.o
 .debug_str     0x000af8a9    0xad5a1 ./Drivers/STM32G4xx_HAL_Driver/Src/stm32g4xx_hal_rcc_ex.o
 .debug_str     0x000af8a9    0xad160 ./Drivers/STM32G4xx_HAL_Driver/Src/stm32g4xx_ll_usb.o

.comment        0x00000000       0x43
 .comment       0x00000000       0x43 ./Core/Src/gpio.o
                                 0x44 (size before relaxing)
 .comment       0x00000043       0x44 ./Core/Src/main.o
 .comment       0x00000043       0x44 ./Core/Src/stm32g4xx_hal_msp.o
 .comment       0x00000043       0x44 ./Core/Src/stm32g4xx_it.o
 .comment       0x00000043       0x44 ./Core/Src/system_stm32g4xx.o
 .comment       0x00000043       0x44 ./Core/Src/usb.o
 .comment       0x00000043       0x44 ./Drivers/STM32G4xx_HAL_Driver/Src/stm32g4xx_hal.o
 .comment       0x00000043       0x44 ./Drivers/STM32G4xx_HAL_Driver/Src/stm32g4xx_hal_cortex.o
 .comment       0x00000043       0x44 ./Drivers/STM32G4xx_HAL_Driver/Src/stm32g4xx_hal_pcd.o
 .comment       0x00000043       0x44 ./Drivers/STM32G4xx_HAL_Driver/Src/stm32g4xx_hal_pcd_ex.o
 .comment       0x00000043       0x44 ./Drivers/STM32G4xx_HAL_Driver/Src/stm32g4xx_hal_pwr_ex.o
 .comment       0x00000043       0x44 ./Drivers/STM32G4xx_HAL_Driver/Src/stm32g4xx_hal_rcc.o
 .comment       0x00000043       0x44 ./Drivers/STM32G4xx_HAL_Driver/Src/stm32g4xx_hal_rcc_ex.o
 .comment       0x00000043       0x44 ./Drivers/STM32G4xx_HAL_Driver/Src/stm32g4xx_ll_usb.o

.debug_frame    0x00000000     0x2110
 .debug_frame   0x00000000       0x38 ./Core/Src/gpio.o
 .debug_frame   0x00000038       0x68 ./Core/Src/main.o
 .debug_frame   0x000000a0       0x34 ./Core/Src/stm32g4xx_hal_msp.o
 .debug_frame   0x000000d4      0x120 ./Core/Src/stm32g4xx_it.o
 .debug_frame   0x000001f4       0x58 ./Core/Src/system_stm32g4xx.o
 .debug_frame   0x0000024c       0x74 ./Core/Src/usb.o
 .debug_frame   0x000002c0      0x500 ./Drivers/STM32G4xx_HAL_Driver/Src/stm32g4xx_hal.o
 .debug_frame   0x000007c0      0x4e8 ./Drivers/STM32G4xx_HAL_Driver/Src/stm32g4xx_hal_cortex.o
 .debug_frame   0x00000ca8      0x56c ./Drivers/STM32G4xx_HAL_Driver/Src/stm32g4xx_hal_pcd.o
 .debug_frame   0x00001214      0x14c ./Drivers/STM32G4xx_HAL_Driver/Src/stm32g4xx_hal_pcd_ex.o
 .debug_frame   0x00001360      0x4fc ./Drivers/STM32G4xx_HAL_Driver/Src/stm32g4xx_hal_pwr_ex.o
 .debug_frame   0x0000185c      0x23c ./Drivers/STM32G4xx_HAL_Driver/Src/stm32g4xx_hal_rcc.o
 .debug_frame   0x00001a98      0x2ac ./Drivers/STM32G4xx_HAL_Driver/Src/stm32g4xx_hal_rcc_ex.o
 .debug_frame   0x00001d44      0x380 ./Drivers/STM32G4xx_HAL_Driver/Src/stm32g4xx_ll_usb.o
 .debug_frame   0x000020c4       0x20 D:/Programs/STM32CubeIDE_1.19.0/STM32CubeIDE/plugins/com.st.stm32cube.ide.mcu.externaltools.gnu-tools-for-stm32.13.3.rel1.win32_1.0.0.202411081344/tools/bin/../lib/gcc/arm-none-eabi/13.3.1/../../../../arm-none-eabi/lib/thumb/v7e-m+fp/hard\libc_nano.a(libc_a-memset.o)
 .debug_frame   0x000020e4       0x2c D:/Programs/STM32CubeIDE_1.19.0/STM32CubeIDE/plugins/com.st.stm32cube.ide.mcu.externaltools.gnu-tools-for-stm32.13.3.rel1.win32_1.0.0.202411081344/tools/bin/../lib/gcc/arm-none-eabi/13.3.1/../../../../arm-none-eabi/lib/thumb/v7e-m+fp/hard\libc_nano.a(libc_a-init.o)

.debug_line_str
                0x00000000       0x5c
 .debug_line_str
                0x00000000       0x5c ./Core/Startup/startup_stm32g431rbtx.o
