../TinyUSB/class/cdc/cdc_device.c:81:19:tud_cdc_rx_cb	0	static
../TinyUSB/class/cdc/cdc_device.c:85:19:tud_cdc_rx_wanted_cb	0	static
../TinyUSB/class/cdc/cdc_device.c:90:19:tud_cdc_tx_complete_cb	0	static
../TinyUSB/class/cdc/cdc_device.c:94:19:tud_cdc_notify_complete_cb	0	static
../TinyUSB/class/cdc/cdc_device.c:98:19:tud_cdc_line_state_cb	0	static
../TinyUSB/class/cdc/cdc_device.c:104:19:tud_cdc_line_coding_cb	0	static
../TinyUSB/class/cdc/cdc_device.c:109:19:tud_cdc_send_break_cb	0	static
../TinyUSB/class/cdc/cdc_device.c:135:6:tud_cdc_configure	0	static
../TinyUSB/class/cdc/cdc_device.c:141:6:tud_cdc_n_ready	16	static
../TinyUSB/class/cdc/cdc_device.c:151:6:tud_cdc_n_connected	16	static
../TinyUSB/class/cdc/cdc_device.c:158:9:tud_cdc_n_get_line_state	0	static
../TinyUSB/class/cdc/cdc_device.c:163:6:tud_cdc_n_get_line_coding	0	static
../TinyUSB/class/cdc/cdc_device.c:206:6:tud_cdc_n_set_wanted_char	0	static
../TinyUSB/class/cdc/cdc_device.c:214:10:tud_cdc_n_available	8	static
../TinyUSB/class/cdc/cdc_device.c:219:10:tud_cdc_n_read	8	static
../TinyUSB/class/cdc/cdc_device.c:225:6:tud_cdc_n_peek	0	static
../TinyUSB/class/cdc/cdc_device.c:230:6:tud_cdc_n_read_flush	24	static
../TinyUSB/class/cdc/cdc_device.c:240:10:tud_cdc_n_write	8	static
../TinyUSB/class/cdc/cdc_device.c:246:10:tud_cdc_n_write_flush	0	static
../TinyUSB/class/cdc/cdc_device.c:252:10:tud_cdc_n_write_available	0	static
../TinyUSB/class/cdc/cdc_device.c:258:6:tud_cdc_n_write_clear	0	static
../TinyUSB/class/cdc/cdc_device.c:267:6:cdcd_init	40	static
../TinyUSB/class/cdc/cdc_device.c:292:6:cdcd_deinit	8	static
../TinyUSB/class/cdc/cdc_device.c:301:6:cdcd_reset	16	static
../TinyUSB/class/cdc/cdc_device.c:314:10:cdcd_open	48	static,ignoring_inline_asm
../TinyUSB/class/cdc/cdc_device.c:390:6:cdcd_control_xfer_cb	16	static
../TinyUSB/class/cdc/cdc_device.c:471:6:cdcd_xfer_cb	48	static,ignoring_inline_asm
