../Drivers/STM32G4xx_HAL_Driver/Src/stm32g4xx_hal_pcd.c:261:13:HAL_PCD_MspInit	0	static
../Drivers/STM32G4xx_HAL_Driver/Src/stm32g4xx_hal_pcd.c:127:19:HAL_PCD_Init	16	static
../Drivers/STM32G4xx_HAL_Driver/Src/stm32g4xx_hal_pcd.c:276:13:HAL_PCD_MspDeInit	0	static
../Drivers/STM32G4xx_HAL_Driver/Src/stm32g4xx_hal_pcd.c:222:19:HAL_PCD_DeInit	16	static
../Drivers/STM32G4xx_HAL_Driver/Src/stm32g4xx_hal_pcd.c:898:19:HAL_PCD_Start	8	static
../Drivers/STM32G4xx_HAL_Driver/Src/stm32g4xx_hal_pcd.c:913:19:HAL_PCD_Stop	8	static
../Drivers/STM32G4xx_HAL_Driver/Src/stm32g4xx_hal_pcd.c:1075:13:HAL_PCD_DataOutStageCallback	0	static
../Drivers/STM32G4xx_HAL_Driver/Src/stm32g4xx_hal_pcd.c:1092:13:HAL_PCD_DataInStageCallback	0	static
../Drivers/STM32G4xx_HAL_Driver/Src/stm32g4xx_hal_pcd.c:1107:13:HAL_PCD_SetupStageCallback	0	static
../Drivers/STM32G4xx_HAL_Driver/Src/stm32g4xx_hal_pcd.c:1122:13:HAL_PCD_SOFCallback	0	static
../Drivers/STM32G4xx_HAL_Driver/Src/stm32g4xx_hal_pcd.c:1137:13:HAL_PCD_ResetCallback	0	static
../Drivers/STM32G4xx_HAL_Driver/Src/stm32g4xx_hal_pcd.c:1152:13:HAL_PCD_SuspendCallback	0	static
../Drivers/STM32G4xx_HAL_Driver/Src/stm32g4xx_hal_pcd.c:1167:13:HAL_PCD_ResumeCallback	0	static
../Drivers/STM32G4xx_HAL_Driver/Src/stm32g4xx_hal_pcd.c:1183:13:HAL_PCD_ISOOUTIncompleteCallback	0	static
../Drivers/STM32G4xx_HAL_Driver/Src/stm32g4xx_hal_pcd.c:1200:13:HAL_PCD_ISOINIncompleteCallback	0	static
../Drivers/STM32G4xx_HAL_Driver/Src/stm32g4xx_hal_pcd.c:1216:13:HAL_PCD_ConnectCallback	0	static
../Drivers/STM32G4xx_HAL_Driver/Src/stm32g4xx_hal_pcd.c:1231:13:HAL_PCD_DisconnectCallback	0	static
../Drivers/STM32G4xx_HAL_Driver/Src/stm32g4xx_hal_pcd.c:1265:19:HAL_PCD_DevConnect	8	static
../Drivers/STM32G4xx_HAL_Driver/Src/stm32g4xx_hal_pcd.c:1279:19:HAL_PCD_DevDisconnect	8	static
../Drivers/STM32G4xx_HAL_Driver/Src/stm32g4xx_hal_pcd.c:1294:19:HAL_PCD_SetAddress	8	static
../Drivers/STM32G4xx_HAL_Driver/Src/stm32g4xx_hal_pcd.c:929:6:HAL_PCD_IRQHandler	40	static
../Drivers/STM32G4xx_HAL_Driver/Src/stm32g4xx_hal_pcd.c:1311:19:HAL_PCD_EP_Open	16	static
../Drivers/STM32G4xx_HAL_Driver/Src/stm32g4xx_hal_pcd.c:1351:19:HAL_PCD_EP_Close	8	static
../Drivers/STM32G4xx_HAL_Driver/Src/stm32g4xx_hal_pcd.c:1382:19:HAL_PCD_EP_Receive	16	static
../Drivers/STM32G4xx_HAL_Driver/Src/stm32g4xx_hal_pcd.c:1406:10:HAL_PCD_EP_GetRxCount	0	static
../Drivers/STM32G4xx_HAL_Driver/Src/stm32g4xx_hal_pcd.c:1418:19:HAL_PCD_EP_Transmit	24	static
../Drivers/STM32G4xx_HAL_Driver/Src/stm32g4xx_hal_pcd.c:1444:19:HAL_PCD_EP_SetStall	16	static
../Drivers/STM32G4xx_HAL_Driver/Src/stm32g4xx_hal_pcd.c:1482:19:HAL_PCD_EP_ClrStall	16	static
../Drivers/STM32G4xx_HAL_Driver/Src/stm32g4xx_hal_pcd.c:1518:19:HAL_PCD_EP_Abort	0	static
../Drivers/STM32G4xx_HAL_Driver/Src/stm32g4xx_hal_pcd.c:1544:19:HAL_PCD_EP_Flush	8	static
../Drivers/STM32G4xx_HAL_Driver/Src/stm32g4xx_hal_pcd.c:1567:19:HAL_PCD_ActivateRemoteWakeup	0	static
../Drivers/STM32G4xx_HAL_Driver/Src/stm32g4xx_hal_pcd.c:1577:19:HAL_PCD_DeActivateRemoteWakeup	0	static
../Drivers/STM32G4xx_HAL_Driver/Src/stm32g4xx_hal_pcd.c:1606:18:HAL_PCD_GetState	0	static
