../Drivers/STM32G4xx_HAL_Driver/Src/stm32g4xx_hal_pcd_ex.c:80:20:HAL_PCDEx_PMAConfig	8	static
../Drivers/STM32G4xx_HAL_Driver/Src/stm32g4xx_hal_pcd_ex.c:124:19:HAL_PCDEx_ActivateBCD	0	static
../Drivers/STM32G4xx_HAL_Driver/Src/stm32g4xx_hal_pcd_ex.c:143:19:HAL_PCDEx_DeActivateBCD	0	static
../Drivers/STM32G4xx_HAL_Driver/Src/stm32g4xx_hal_pcd_ex.c:239:19:HAL_PCDEx_ActivateLPM	0	static
../Drivers/STM32G4xx_HAL_Driver/Src/stm32g4xx_hal_pcd_ex.c:257:19:HAL_PCDEx_DeActivateLPM	0	static
../Drivers/STM32G4xx_HAL_Driver/Src/stm32g4xx_hal_pcd_ex.c:276:13:HAL_PCDEx_LPM_Callback	0	static
../Drivers/STM32G4xx_HAL_Driver/Src/stm32g4xx_hal_pcd_ex.c:293:13:HAL_PCDEx_BCD_Callback	0	static
../Drivers/STM32G4xx_HAL_Driver/Src/stm32g4xx_hal_pcd_ex.c:159:6:HAL_PCDEx_BCD_VBUSDetect	16	static
