Archive member included to satisfy reference by file (symbol)

D:/Programs/STM32CubeIDE_1.19.0/STM32CubeIDE/plugins/com.st.stm32cube.ide.mcu.externaltools.gnu-tools-for-stm32.13.3.rel1.win32_1.0.0.202411081344/tools/bin/../lib/gcc/arm-none-eabi/13.3.1/../../../../arm-none-eabi/lib/thumb/v7e-m+fp/hard\libc_nano.a(libc_a-exit.o)
                              D:/Programs/STM32CubeIDE_1.19.0/STM32CubeIDE/plugins/com.st.stm32cube.ide.mcu.externaltools.gnu-tools-for-stm32.13.3.rel1.win32_1.0.0.202411081344/tools/bin/../lib/gcc/arm-none-eabi/13.3.1/../../../../arm-none-eabi/lib/thumb/v7e-m+fp/hard/crt0.o (exit)
D:/Programs/STM32CubeIDE_1.19.0/STM32CubeIDE/plugins/com.st.stm32cube.ide.mcu.externaltools.gnu-tools-for-stm32.13.3.rel1.win32_1.0.0.202411081344/tools/bin/../lib/gcc/arm-none-eabi/13.3.1/../../../../arm-none-eabi/lib/thumb/v7e-m+fp/hard\libc_nano.a(libc_a-findfp.o)
                              D:/Programs/STM32CubeIDE_1.19.0/STM32CubeIDE/plugins/com.st.stm32cube.ide.mcu.externaltools.gnu-tools-for-stm32.13.3.rel1.win32_1.0.0.202411081344/tools/bin/../lib/gcc/arm-none-eabi/13.3.1/../../../../arm-none-eabi/lib/thumb/v7e-m+fp/hard\libc_nano.a(libc_a-exit.o) (__stdio_exit_handler)
D:/Programs/STM32CubeIDE_1.19.0/STM32CubeIDE/plugins/com.st.stm32cube.ide.mcu.externaltools.gnu-tools-for-stm32.13.3.rel1.win32_1.0.0.202411081344/tools/bin/../lib/gcc/arm-none-eabi/13.3.1/../../../../arm-none-eabi/lib/thumb/v7e-m+fp/hard\libc_nano.a(libc_a-fwalk.o)
                              D:/Programs/STM32CubeIDE_1.19.0/STM32CubeIDE/plugins/com.st.stm32cube.ide.mcu.externaltools.gnu-tools-for-stm32.13.3.rel1.win32_1.0.0.202411081344/tools/bin/../lib/gcc/arm-none-eabi/13.3.1/../../../../arm-none-eabi/lib/thumb/v7e-m+fp/hard\libc_nano.a(libc_a-findfp.o) (_fwalk_sglue)
D:/Programs/STM32CubeIDE_1.19.0/STM32CubeIDE/plugins/com.st.stm32cube.ide.mcu.externaltools.gnu-tools-for-stm32.13.3.rel1.win32_1.0.0.202411081344/tools/bin/../lib/gcc/arm-none-eabi/13.3.1/../../../../arm-none-eabi/lib/thumb/v7e-m+fp/hard\libc_nano.a(libc_a-stdio.o)
                              D:/Programs/STM32CubeIDE_1.19.0/STM32CubeIDE/plugins/com.st.stm32cube.ide.mcu.externaltools.gnu-tools-for-stm32.13.3.rel1.win32_1.0.0.202411081344/tools/bin/../lib/gcc/arm-none-eabi/13.3.1/../../../../arm-none-eabi/lib/thumb/v7e-m+fp/hard\libc_nano.a(libc_a-findfp.o) (__sread)
D:/Programs/STM32CubeIDE_1.19.0/STM32CubeIDE/plugins/com.st.stm32cube.ide.mcu.externaltools.gnu-tools-for-stm32.13.3.rel1.win32_1.0.0.202411081344/tools/bin/../lib/gcc/arm-none-eabi/13.3.1/../../../../arm-none-eabi/lib/thumb/v7e-m+fp/hard\libc_nano.a(libc_a-memset.o)
                              D:/Programs/STM32CubeIDE_1.19.0/STM32CubeIDE/plugins/com.st.stm32cube.ide.mcu.externaltools.gnu-tools-for-stm32.13.3.rel1.win32_1.0.0.202411081344/tools/bin/../lib/gcc/arm-none-eabi/13.3.1/../../../../arm-none-eabi/lib/thumb/v7e-m+fp/hard/crt0.o (memset)
D:/Programs/STM32CubeIDE_1.19.0/STM32CubeIDE/plugins/com.st.stm32cube.ide.mcu.externaltools.gnu-tools-for-stm32.13.3.rel1.win32_1.0.0.202411081344/tools/bin/../lib/gcc/arm-none-eabi/13.3.1/../../../../arm-none-eabi/lib/thumb/v7e-m+fp/hard\libc_nano.a(libc_a-closer.o)
                              D:/Programs/STM32CubeIDE_1.19.0/STM32CubeIDE/plugins/com.st.stm32cube.ide.mcu.externaltools.gnu-tools-for-stm32.13.3.rel1.win32_1.0.0.202411081344/tools/bin/../lib/gcc/arm-none-eabi/13.3.1/../../../../arm-none-eabi/lib/thumb/v7e-m+fp/hard\libc_nano.a(libc_a-stdio.o) (_close_r)
D:/Programs/STM32CubeIDE_1.19.0/STM32CubeIDE/plugins/com.st.stm32cube.ide.mcu.externaltools.gnu-tools-for-stm32.13.3.rel1.win32_1.0.0.202411081344/tools/bin/../lib/gcc/arm-none-eabi/13.3.1/../../../../arm-none-eabi/lib/thumb/v7e-m+fp/hard\libc_nano.a(libc_a-reent.o)
                              D:/Programs/STM32CubeIDE_1.19.0/STM32CubeIDE/plugins/com.st.stm32cube.ide.mcu.externaltools.gnu-tools-for-stm32.13.3.rel1.win32_1.0.0.202411081344/tools/bin/../lib/gcc/arm-none-eabi/13.3.1/../../../../arm-none-eabi/lib/thumb/v7e-m+fp/hard\libc_nano.a(libc_a-closer.o) (errno)
D:/Programs/STM32CubeIDE_1.19.0/STM32CubeIDE/plugins/com.st.stm32cube.ide.mcu.externaltools.gnu-tools-for-stm32.13.3.rel1.win32_1.0.0.202411081344/tools/bin/../lib/gcc/arm-none-eabi/13.3.1/../../../../arm-none-eabi/lib/thumb/v7e-m+fp/hard\libc_nano.a(libc_a-impure.o)
                              D:/Programs/STM32CubeIDE_1.19.0/STM32CubeIDE/plugins/com.st.stm32cube.ide.mcu.externaltools.gnu-tools-for-stm32.13.3.rel1.win32_1.0.0.202411081344/tools/bin/../lib/gcc/arm-none-eabi/13.3.1/../../../../arm-none-eabi/lib/thumb/v7e-m+fp/hard\libc_nano.a(libc_a-reent.o) (_impure_ptr)
D:/Programs/STM32CubeIDE_1.19.0/STM32CubeIDE/plugins/com.st.stm32cube.ide.mcu.externaltools.gnu-tools-for-stm32.13.3.rel1.win32_1.0.0.202411081344/tools/bin/../lib/gcc/arm-none-eabi/13.3.1/../../../../arm-none-eabi/lib/thumb/v7e-m+fp/hard\libc_nano.a(libc_a-lseekr.o)
[...]
Memory Configuration

Name             Origin             Length             Attributes
RAM              0x20000000         0x00008000         xrw
FLASH            0x08000000         0x00020000         xr
*default*        0x00000000         0xffffffff

Linker script and memory map

LOAD D:/Programs/STM32CubeIDE_1.19.0/STM32CubeIDE/plugins/com.st.stm32cube.ide.mcu.externaltools.gnu-tools-for-stm32.13.3.rel1.win32_1.0.0.202411081344/tools/bin/../lib/gcc/arm-none-eabi/13.3.1/thumb/v7e-m+fp/hard/crti.o
LOAD D:/Programs/STM32CubeIDE_1.19.0/STM32CubeIDE/plugins/com.st.stm32cube.ide.mcu.externaltools.gnu-tools-for-stm32.13.3.rel1.win32_1.0.0.202411081344/tools/bin/../lib/gcc/arm-none-eabi/13.3.1/thumb/v7e-m+fp/hard/crtbegin.o
LOAD D:/Programs/STM32CubeIDE_1.19.0/STM32CubeIDE/plugins/com.st.stm32cube.ide.mcu.externaltools.gnu-tools-for-stm32.13.3.rel1.win32_1.0.0.202411081344/tools/bin/../lib/gcc/arm-none-eabi/13.3.1/../../../../arm-none-eabi/lib/thumb/v7e-m+fp/hard/crt0.o
LOAD ./Core/Src/gpio.o
LOAD ./Core/Src/main.o
LOAD ./Core/Src/stm32g4xx_hal_msp.o
LOAD ./Core/Src/stm32g4xx_it.o
LOAD ./Core/Src/syscalls.o
LOAD ./Core/Src/sysmem.o
LOAD ./Core/Src/system_stm32g4xx.o
LOAD ./Core/Src/usb.o
LOAD ./Core/Startup/startup_stm32g431rbtx.o
LOAD ./Drivers/STM32G4xx_HAL_Driver/Src/stm32g4xx_hal.o
LOAD ./Drivers/STM32G4xx_HAL_Driver/Src/stm32g4xx_hal_cortex.o
LOAD ./Drivers/STM32G4xx_HAL_Driver/Src/stm32g4xx_hal_dma.o
LOAD ./Drivers/STM32G4xx_HAL_Driver/Src/stm32g4xx_hal_dma_ex.o
LOAD ./Drivers/STM32G4xx_HAL_Driver/Src/stm32g4xx_hal_exti.o
LOAD ./Drivers/STM32G4xx_HAL_Driver/Src/stm32g4xx_hal_flash.o
LOAD ./Drivers/STM32G4xx_HAL_Driver/Src/stm32g4xx_hal_flash_ex.o
LOAD ./Drivers/STM32G4xx_HAL_Driver/Src/stm32g4xx_hal_flash_ramfunc.o
LOAD ./Drivers/STM32G4xx_HAL_Driver/Src/stm32g4xx_hal_gpio.o
LOAD ./Drivers/STM32G4xx_HAL_Driver/Src/stm32g4xx_hal_pcd.o
LOAD ./Drivers/STM32G4xx_HAL_Driver/Src/stm32g4xx_hal_pcd_ex.o
LOAD ./Drivers/STM32G4xx_HAL_Driver/Src/stm32g4xx_hal_pwr.o
LOAD ./Drivers/STM32G4xx_HAL_Driver/Src/stm32g4xx_hal_pwr_ex.o
LOAD ./Drivers/STM32G4xx_HAL_Driver/Src/stm32g4xx_hal_rcc.o
LOAD ./Drivers/STM32G4xx_HAL_Driver/Src/stm32g4xx_hal_rcc_ex.o
LOAD ./Drivers/STM32G4xx_HAL_Driver/Src/stm32g4xx_ll_usb.o
LOAD ./TinyUSB/class/cdc/cdc_device.o
LOAD ./TinyUSB/class/cdc/cdc_rndis_host.o
LOAD ./TinyUSB/class/hid/hid_device.o
LOAD ./TinyUSB/common/tusb_fifo.o
LOAD ./TinyUSB/device/usbd.o
LOAD ./TinyUSB/device/usbd_control.o
LOAD ./TinyUSB/portable/dcd_stm32_fsdev.o
LOAD ./TinyUSB/portable/usb_descriptors.o
LOAD ./TinyUSB/tusb.o
START GROUP
LOAD D:/Programs/STM32CubeIDE_1.19.0/STM32CubeIDE/plugins/com.st.stm32cube.ide.mcu.externaltools.gnu-tools-for-stm32.13.3.rel1.win32_1.0.0.202411081344/tools/bin/../lib/gcc/arm-none-eabi/13.3.1/../../../../arm-none-eabi/lib/thumb/v7e-m+fp/hard\libc_nano.a
LOAD D:/Programs/STM32CubeIDE_1.19.0/STM32CubeIDE/plugins/com.st.stm32cube.ide.mcu.externaltools.gnu-tools-for-stm32.13.3.rel1.win32_1.0.0.202411081344/tools/bin/../lib/gcc/arm-none-eabi/13.3.1/../../../../arm-none-eabi/lib/thumb/v7e-m+fp/hard\libm.a
END GROUP
START GROUP
LOAD D:/Programs/STM32CubeIDE_1.19.0/STM32CubeIDE/plugins/com.st.stm32cube.ide.mcu.externaltools.gnu-tools-for-stm32.13.3.rel1.win32_1.0.0.202411081344/tools/bin/../lib/gcc/arm-none-eabi/13.3.1/thumb/v7e-m+fp/hard\libgcc.a
LOAD D:/Programs/STM32CubeIDE_1.19.0/STM32CubeIDE/plugins/com.st.stm32cube.ide.mcu.externaltools.gnu-tools-for-stm32.13.3.rel1.win32_1.0.0.202411081344/tools/bin/../lib/gcc/arm-none-eabi/13.3.1/../../../../arm-none-eabi/lib/thumb/v7e-m+fp/hard\libc_nano.a
END GROUP
START GROUP
LOAD D:/Programs/STM32CubeIDE_1.19.0/STM32CubeIDE/plugins/com.st.stm32cube.ide.mcu.externaltools.gnu-tools-for-stm32.13.3.rel1.win32_1.0.0.202411081344/tools/bin/../lib/gcc/arm-none-eabi/13.3.1/thumb/v7e-m+fp/hard\libgcc.a
LOAD D:/Programs/STM32CubeIDE_1.19.0/STM32CubeIDE/plugins/com.st.stm32cube.ide.mcu.externaltools.gnu-tools-for-stm32.13.3.rel1.win32_1.0.0.202411081344/tools/bin/../lib/gcc/arm-none-eabi/13.3.1/../../../../arm-none-eabi/lib/thumb/v7e-m+fp/hard\libc_nano.a
LOAD D:/Programs/STM32CubeIDE_1.19.0/STM32CubeIDE/plugins/com.st.stm32cube.ide.mcu.externaltools.gnu-tools-for-stm32.13.3.rel1.win32_1.0.0.202411081344/tools/bin/../lib/gcc/arm-none-eabi/13.3.1/../../../../arm-none-eabi/lib/thumb/v7e-m+fp/hard\libnosys.a
END GROUP
START GROUP
LOAD D:/Programs/STM32CubeIDE_1.19.0/STM32CubeIDE/plugins/com.st.stm32cube.ide.mcu.externaltools.gnu-tools-for-stm32.13.3.rel1.win32_1.0.0.202411081344/tools/bin/../lib/gcc/arm-none-eabi/13.3.1/thumb/v7e-m+fp/hard\libgcc.a
LOAD D:/Programs/STM32CubeIDE_1.19.0/STM32CubeIDE/plugins/com.st.stm32cube.ide.mcu.externaltools.gnu-tools-for-stm32.13.3.rel1.win32_1.0.0.202411081344/tools/bin/../lib/gcc/arm-none-eabi/13.3.1/../../../../arm-none-eabi/lib/thumb/v7e-m+fp/hard\libc_nano.a
LOAD D:/Programs/STM32CubeIDE_1.19.0/STM32CubeIDE/plugins/com.st.stm32cube.ide.mcu.externaltools.gnu-tools-for-stm32.13.3.rel1.win32_1.0.0.202411081344/tools/bin/../lib/gcc/arm-none-eabi/13.3.1/../../../../arm-none-eabi/lib/thumb/v7e-m+fp/hard\libnosys.a
END GROUP
LOAD D:/Programs/STM32CubeIDE_1.19.0/STM32CubeIDE/plugins/com.st.stm32cube.ide.mcu.externaltools.gnu-tools-for-stm32.13.3.rel1.win32_1.0.0.202411081344/tools/bin/../lib/gcc/arm-none-eabi/13.3.1/thumb/v7e-m+fp/hard/crtend.o
LOAD D:/Programs/STM32CubeIDE_1.19.0/STM32CubeIDE/plugins/com.st.stm32cube.ide.mcu.externaltools.gnu-tools-for-stm32.13.3.rel1.win32_1.0.0.202411081344/tools/bin/../lib/gcc/arm-none-eabi/13.3.1/thumb/v7e-m+fp/hard/crtn.o
                0x20008000                        _estack = (ORIGIN (RAM) + LENGTH (RAM))
                0x00000200                        _Min_Heap_Size = 0x200
                0x00000400                        _Min_Stack_Size = 0x400

.isr_vector     0x08000000      0x1d8
                0x08000000                        . = ALIGN (0x4)
 *(.isr_vector)
 .isr_vector    0x08000000      0x1d8 ./Core/Startup/startup_stm32g431rbtx.o
                0x08000000                g_pfnVectors
                0x080001d8                        . = ALIGN (0x4)

.text           0x080001d8     0x383c
                0x080001d8                        . = ALIGN (0x4)
 *(.text)
 .text          0x080001d8       0x40 D:/Programs/STM32CubeIDE_1.19.0/STM32CubeIDE/plugins/com.st.stm32cube.ide.mcu.externaltools.gnu-tools-for-stm32.13.3.rel1.win32_1.0.0.202411081344/tools/bin/../lib/gcc/arm-none-eabi/13.3.1/thumb/v7e-m+fp/hard/crtbegin.o
 .text          0x08000218       0x10 D:/Programs/STM32CubeIDE_1.19.0/STM32CubeIDE/plugins/com.st.stm32cube.ide.mcu.externaltools.gnu-tools-for-stm32.13.3.rel1.win32_1.0.0.202411081344/tools/bin/../lib/gcc/arm-none-eabi/13.3.1/../../../../arm-none-eabi/lib/thumb/v7e-m+fp/hard\libc_nano.a(libc_a-strlen.o)
                0x08000218                strlen
 *(.text*)
 .text.MX_GPIO_Init
                0x08000228       0x30 ./Core/Src/gpio.o
                0x08000228                MX_GPIO_Init
 .text.SystemClock_Config
                0x08000258       0x70 ./Core/Src/main.o
                0x08000258                SystemClock_Config
 .text.startup.main
                0x080002c8       0x2a ./Core/Src/main.o
                0x080002c8                main
 .text.tud_hid_get_report_cb
                0x080002f2        0x4 ./Core/Src/main.o
                0x080002f2                tud_hid_get_report_cb
 .text.tud_hid_set_report_cb
                0x080002f6        0x2 ./Core/Src/main.o
                0x080002f6                tud_hid_set_report_cb
 .text.Error_Handler
                0x080002f8        0x4 ./Core/Src/main.o
                0x080002f8                Error_Handler
 .text.HAL_MspInit
                0x080002fc       0x34 ./Core/Src/stm32g4xx_hal_msp.o
                0x080002fc                HAL_MspInit
 .text.NMI_Handler
                0x08000330        0x2 ./Core/Src/stm32g4xx_it.o
                0x08000330                NMI_Handler
 .text.HardFault_Handler
                0x08000332        0x2 ./Core/Src/stm32g4xx_it.o
                0x08000332                HardFault_Handler
 .text.MemManage_Handler
                0x08000334        0x2 ./Core/Src/stm32g4xx_it.o
                0x08000334                MemManage_Handler
 .text.BusFault_Handler
                0x08000336        0x2 ./Core/Src/stm32g4xx_it.o
                0x08000336                BusFault_Handler
 .text.UsageFault_Handler
                0x08000338        0x2 ./Core/Src/stm32g4xx_it.o
                0x08000338                UsageFault_Handler
 .text.SVC_Handler
                0x0800033a        0x2 ./Core/Src/stm32g4xx_it.o
                0x0800033a                SVC_Handler
 .text.DebugMon_Handler
                0x0800033c        0x2 ./Core/Src/stm32g4xx_it.o
                0x0800033c                DebugMon_Handler
 .text.PendSV_Handler
                0x0800033e        0x2 ./Core/Src/stm32g4xx_it.o
                0x0800033e                PendSV_Handler
 .text.SysTick_Handler
                0x08000340        0x4 ./Core/Src/stm32g4xx_it.o
                0x08000340                SysTick_Handler
 .text.USB_LP_IRQHandler
                0x08000344        0x6 ./Core/Src/stm32g4xx_it.o
                0x08000344                USB_LP_IRQHandler
 *fill*         0x0800034a        0x2 
 .text.SystemInit
                0x0800034c       0x14 ./Core/Src/system_stm32g4xx.o
                0x0800034c                SystemInit
 .text.MX_USB_PCD_Init
                0x08000360       0x30 ./Core/Src/usb.o
                0x08000360                MX_USB_PCD_Init
 .text.HAL_PCD_MspInit
                0x08000390       0x5c ./Core/Src/usb.o
                0x08000390                HAL_PCD_MspInit
 .text.Reset_Handler
                0x080003ec       0x50 ./Core/Startup/startup_stm32g431rbtx.o
                0x080003ec                Reset_Handler
 .text.Default_Handler
                0x0800043c        0x2 ./Core/Startup/startup_stm32g431rbtx.o
                0x0800043c                RTC_Alarm_IRQHandler
                0x0800043c                EXTI2_IRQHandler
                0x0800043c                TIM8_TRG_COM_IRQHandler
                0x0800043c                TIM8_CC_IRQHandler
                0x0800043c                TIM1_CC_IRQHandler
                0x0800043c                USB_HP_IRQHandler
                0x0800043c                CORDIC_IRQHandler
                0x0800043c                EXTI3_IRQHandler
                0x0800043c                I2C3_ER_IRQHandler
                0x0800043c                EXTI0_IRQHandler
                0x0800043c                I2C2_EV_IRQHandler
                0x0800043c                FPU_IRQHandler
                0x0800043c                FDCAN1_IT1_IRQHandler
                0x0800043c                TIM1_UP_TIM16_IRQHandler
                0x0800043c                ADC1_2_IRQHandler
                0x0800043c                SPI1_IRQHandler
                0x0800043c                TIM6_DAC_IRQHandler
                0x0800043c                TIM8_UP_IRQHandler
                0x0800043c                DMA2_Channel2_IRQHandler
                0x0800043c                DMA1_Channel4_IRQHandler
                0x0800043c                USART3_IRQHandler
                0x0800043c                TIM4_IRQHandler
                0x0800043c                DMA2_Channel1_IRQHandler
                0x0800043c                I2C1_EV_IRQHandler
                0x0800043c                DMA1_Channel6_IRQHandler
                0x0800043c                UART4_IRQHandler
                0x0800043c                DMA2_Channel4_IRQHandler
                0x0800043c                TIM3_IRQHandler
                0x0800043c                RCC_IRQHandler
                0x0800043c                DMA1_Channel1_IRQHandler
                0x0800043c                Default_Handler
                0x0800043c                RTC_TAMP_LSECSS_IRQHandler
                0x0800043c                FMAC_IRQHandler
                0x0800043c                EXTI15_10_IRQHandler
                0x0800043c                TIM7_IRQHandler
                0x0800043c                UCPD1_IRQHandler
                0x0800043c                I2C3_EV_IRQHandler
                0x0800043c                EXTI9_5_IRQHandler
                0x0800043c                RTC_WKUP_IRQHandler
                0x0800043c                PVD_PVM_IRQHandler
                0x0800043c                SPI2_IRQHandler
                0x0800043c                DMA2_Channel5_IRQHandler
                0x0800043c                CRS_IRQHandler
                0x0800043c                DMA1_Channel5_IRQHandler
                0x0800043c                EXTI4_IRQHandler
                0x0800043c                RNG_IRQHandler
                0x0800043c                TIM1_TRG_COM_TIM17_IRQHandler
                0x0800043c                DMA1_Channel3_IRQHandler
                0x0800043c                WWDG_IRQHandler
                0x0800043c                LPUART1_IRQHandler
                0x0800043c                DMA2_Channel6_IRQHandler
                0x0800043c                FDCAN1_IT0_IRQHandler
                0x0800043c                TIM2_IRQHandler
                0x0800043c                COMP1_2_3_IRQHandler
                0x0800043c                EXTI1_IRQHandler
                0x0800043c                USART2_IRQHandler
                0x0800043c                I2C2_ER_IRQHandler
                0x0800043c                DMA1_Channel2_IRQHandler
                0x0800043c                TIM8_BRK_IRQHandler
                0x0800043c                FLASH_IRQHandler
                0x0800043c                USART1_IRQHandler
                0x0800043c                SPI3_IRQHandler
                0x0800043c                I2C1_ER_IRQHandler
                0x0800043c                LPTIM1_IRQHandler
                0x0800043c                DMAMUX_OVR_IRQHandler
                0x0800043c                USBWakeUp_IRQHandler
                0x0800043c                SAI1_IRQHandler
                0x0800043c                DMA2_Channel3_IRQHandler
                0x0800043c                COMP4_IRQHandler
                0x0800043c                TIM1_BRK_TIM15_IRQHandler
 *fill*         0x0800043e        0x2 
 .text.HAL_InitTick
                0x08000440       0x4c ./Drivers/STM32G4xx_HAL_Driver/Src/stm32g4xx_hal.o
                0x08000440                HAL_InitTick
 .text.HAL_Init
                0x0800048c       0x1e ./Drivers/STM32G4xx_HAL_Driver/Src/stm32g4xx_hal.o
                0x0800048c                HAL_Init
 *fill*         0x080004aa        0x2 
 .text.HAL_IncTick
                0x080004ac       0x18 ./Drivers/STM32G4xx_HAL_Driver/Src/stm32g4xx_hal.o
                0x080004ac                HAL_IncTick
 .text.HAL_GetTick
                0x080004c4        0xc ./Drivers/STM32G4xx_HAL_Driver/Src/stm32g4xx_hal.o
                0x080004c4                HAL_GetTick
 .text.HAL_NVIC_SetPriorityGrouping
                0x080004d0       0x24 ./Drivers/STM32G4xx_HAL_Driver/Src/stm32g4xx_hal_cortex.o
                0x080004d0                HAL_NVIC_SetPriorityGrouping
 .text.HAL_NVIC_SetPriority
                0x080004f4       0x64 ./Drivers/STM32G4xx_HAL_Driver/Src/stm32g4xx_hal_cortex.o
                0x080004f4                HAL_NVIC_SetPriority
 .text.HAL_NVIC_EnableIRQ
                0x08000558       0x1c ./Drivers/STM32G4xx_HAL_Driver/Src/stm32g4xx_hal_cortex.o
                0x08000558                HAL_NVIC_EnableIRQ
 .text.HAL_SYSTICK_Config
                0x08000574       0x28 ./Drivers/STM32G4xx_HAL_Driver/Src/stm32g4xx_hal_cortex.o
                0x08000574                HAL_SYSTICK_Config
 .text.HAL_PCD_Init
                0x0800059c       0xa8 ./Drivers/STM32G4xx_HAL_Driver/Src/stm32g4xx_hal_pcd.o
                0x0800059c                HAL_PCD_Init
 .text.HAL_PCDEx_ActivateLPM
                0x08000644       0x2c ./Drivers/STM32G4xx_HAL_Driver/Src/stm32g4xx_hal_pcd_ex.o
                0x08000644                HAL_PCDEx_ActivateLPM
 .text.HAL_PWREx_ControlVoltageScaling
                0x08000670       0xb0 ./Drivers/STM32G4xx_HAL_Driver/Src/stm32g4xx_hal_pwr_ex.o
                0x08000670                HAL_PWREx_ControlVoltageScaling
 .text.HAL_PWREx_DisableUCPDDeadBattery
                0x08000720       0x10 ./Drivers/STM32G4xx_HAL_Driver/Src/stm32g4xx_hal_pwr_ex.o
                0x08000720                HAL_PWREx_DisableUCPDDeadBattery
 .text.HAL_RCC_OscConfig
                0x08000730      0x418 ./Drivers/STM32G4xx_HAL_Driver/Src/stm32g4xx_hal_rcc.o
                0x08000730                HAL_RCC_OscConfig
 .text.HAL_RCC_GetSysClockFreq
                0x08000b48       0x6c ./Drivers/STM32G4xx_HAL_Driver/Src/stm32g4xx_hal_rcc.o
                0x08000b48                HAL_RCC_GetSysClockFreq
 .text.HAL_RCC_ClockConfig
                0x08000bb4      0x1e8 ./Drivers/STM32G4xx_HAL_Driver/Src/stm32g4xx_hal_rcc.o
                0x08000bb4                HAL_RCC_ClockConfig
 .text.HAL_RCCEx_PeriphCLKConfig
                0x08000d9c      0x278 ./Drivers/STM32G4xx_HAL_Driver/Src/stm32g4xx_hal_rcc_ex.o
                0x08000d9c                HAL_RCCEx_PeriphCLKConfig
 .text.USB_DisableGlobalInt
                0x08001014       0x14 ./Drivers/STM32G4xx_HAL_Driver/Src/stm32g4xx_ll_usb.o
                0x08001014                USB_DisableGlobalInt
 .text.USB_DevInit
                0x08001028       0x22 ./Drivers/STM32G4xx_HAL_Driver/Src/stm32g4xx_ll_usb.o
                0x08001028                USB_DevInit
 .text.tud_cdc_rx_cb
                0x0800104a        0x2 ./TinyUSB/class/cdc/cdc_device.o
                0x0800104a                tud_cdc_rx_cb
 .text.tud_cdc_rx_wanted_cb
                0x0800104c        0x2 ./TinyUSB/class/cdc/cdc_device.o
                0x0800104c                tud_cdc_rx_wanted_cb
 .text.tud_cdc_tx_complete_cb
                0x0800104e        0x2 ./TinyUSB/class/cdc/cdc_device.o
                0x0800104e                tud_cdc_tx_complete_cb
 .text.tud_cdc_notify_complete_cb
                0x08001050        0x2 ./TinyUSB/class/cdc/cdc_device.o
                0x08001050                tud_cdc_notify_complete_cb
 .text.tud_cdc_line_state_cb
                0x08001052        0x2 ./TinyUSB/class/cdc/cdc_device.o
                0x08001052                tud_cdc_line_state_cb
 .text.tud_cdc_line_coding_cb
                0x08001054        0x2 ./TinyUSB/class/cdc/cdc_device.o
                0x08001054                tud_cdc_line_coding_cb
 .text.tud_cdc_send_break_cb
                0x08001056        0x2 ./TinyUSB/class/cdc/cdc_device.o
                0x08001056                tud_cdc_send_break_cb
 .text.cdcd_init
                0x08001058       0xc0 ./TinyUSB/class/cdc/cdc_device.o
                0x08001058                cdcd_init
 .text.cdcd_deinit
                0x08001118       0x2c ./TinyUSB/class/cdc/cdc_device.o
                0x08001118                cdcd_deinit
 .text.cdcd_reset
                0x08001144       0x44 ./TinyUSB/class/cdc/cdc_device.o
                0x08001144                cdcd_reset
 .text.cdcd_open
                0x08001188      0x19c ./TinyUSB/class/cdc/cdc_device.o
                0x08001188                cdcd_open
 .text.cdcd_control_xfer_cb
                0x08001324       0xb8 ./TinyUSB/class/cdc/cdc_device.o
                0x08001324                cdcd_control_xfer_cb
 .text.cdcd_xfer_cb
                0x080013dc      0x130 ./TinyUSB/class/cdc/cdc_device.o
                0x080013dc                cdcd_xfer_cb
 .text.tud_hid_set_protocol_cb
                0x0800150c        0x2 ./TinyUSB/class/hid/hid_device.o
                0x0800150c                tud_hid_set_protocol_cb
 .text.tud_hid_set_idle_cb
                0x0800150e        0x4 ./TinyUSB/class/hid/hid_device.o
                0x0800150e                tud_hid_set_idle_cb
 .text.tud_hid_report_complete_cb
                0x08001512        0x2 ./TinyUSB/class/hid/hid_device.o
                0x08001512                tud_hid_report_complete_cb
 .text.tud_hid_report_failed_cb
                0x08001514        0x2 ./TinyUSB/class/hid/hid_device.o
                0x08001514                tud_hid_report_failed_cb
 .text.hidd_deinit
                0x08001516        0x4 ./TinyUSB/class/hid/hid_device.o
                0x08001516                hidd_deinit
 *fill*         0x0800151a        0x2 
 .text.hidd_reset
                0x0800151c       0x10 ./TinyUSB/class/hid/hid_device.o
                0x0800151c                hidd_reset
 .text.hidd_init
                0x0800152c        0x6 ./TinyUSB/class/hid/hid_device.o
                0x0800152c                hidd_init
 *fill*         0x08001532        0x2 
 .text.hidd_open
                0x08001534       0xb0 ./TinyUSB/class/hid/hid_device.o
                0x08001534                hidd_open
 .text.hidd_control_xfer_cb
                0x080015e4      0x16c ./TinyUSB/class/hid/hid_device.o
                0x080015e4                hidd_control_xfer_cb
 .text.hidd_xfer_cb
                0x08001750       0x84 ./TinyUSB/class/hid/hid_device.o
                0x08001750                hidd_xfer_cb
 .text.advance_index
                0x080017d4       0x18 ./TinyUSB/common/tusb_fifo.o
 .text._tu_fifo_peek
                0x080017ec       0x4a ./TinyUSB/common/tusb_fifo.o
 .text._tu_fifo_peek_n.constprop.0
                0x08001836       0x8a ./TinyUSB/common/tusb_fifo.o
 .text.tu_fifo_config
                0x080018c0       0x26 ./TinyUSB/common/tusb_fifo.o
                0x080018c0                tu_fifo_config
 .text.tu_fifo_count
                0x080018e6       0x22 ./TinyUSB/common/tusb_fifo.o
                0x080018e6                tu_fifo_count
 .text.tu_fifo_full
                0x08001908       0x22 ./TinyUSB/common/tusb_fifo.o
                0x08001908                tu_fifo_full
 .text.tu_fifo_remaining
                0x0800192a       0x24 ./TinyUSB/common/tusb_fifo.o
                0x0800192a                tu_fifo_remaining
 .text.tu_fifo_read
                0x0800194e       0x24 ./TinyUSB/common/tusb_fifo.o
                0x0800194e                tu_fifo_read
 .text.tu_fifo_read_n
                0x08001972       0x28 ./TinyUSB/common/tusb_fifo.o
                0x08001972                tu_fifo_read_n
 .text.tu_fifo_write
                0x0800199a       0x46 ./TinyUSB/common/tusb_fifo.o
                0x0800199a                tu_fifo_write
 .text.tu_fifo_write_n
                0x080019e0       0xea ./TinyUSB/common/tusb_fifo.o
                0x080019e0                tu_fifo_write_n
 .text.tu_fifo_clear
                0x08001aca        0xa ./TinyUSB/common/tusb_fifo.o
                0x08001aca                tu_fifo_clear
 .text.tu_fifo_set_overwritable
                0x08001ad4       0x12 ./TinyUSB/common/tusb_fifo.o
                0x08001ad4                tu_fifo_set_overwritable
 .text.tu_fifo_advance_write_pointer
                0x08001ae6       0x14 ./TinyUSB/common/tusb_fifo.o
                0x08001ae6                tu_fifo_advance_write_pointer
 .text.tu_fifo_advance_read_pointer
                0x08001afa       0x14 ./TinyUSB/common/tusb_fifo.o
                0x08001afa                tu_fifo_advance_read_pointer
 .text.tu_fifo_get_read_info
                0x08001b0e       0x72 ./TinyUSB/common/tusb_fifo.o
                0x08001b0e                tu_fifo_get_read_info
 .text.tu_fifo_get_write_info
                0x08001b80       0x5c ./TinyUSB/common/tusb_fifo.o
                0x08001b80                tu_fifo_get_write_info
 .text.tud_vendor_control_xfer_cb
                0x08001bdc        0x4 ./TinyUSB/device/usbd.o
                0x08001bdc                tud_vendor_control_xfer_cb
 .text.configuration_reset
                0x08001be0       0x94 ./TinyUSB/device/usbd.o
 .text.invoke_class_control
                0x08001c74       0x1c ./TinyUSB/device/usbd.o
 .text.usbd_int_set
                0x08001c90       0x14 ./TinyUSB/device/usbd.o
                0x08001c90                usbd_int_set
 .text.tud_event_hook_cb
                0x08001ca4        0x2 ./TinyUSB/device/usbd.o
                0x08001ca4                tud_event_hook_cb
 .text.tud_sof_cb
                0x08001ca6        0x2 ./TinyUSB/device/usbd.o
                0x08001ca6                tud_sof_cb
 .text.tud_descriptor_bos_cb
                0x08001ca8        0x4 ./TinyUSB/device/usbd.o
                0x08001ca8                tud_descriptor_bos_cb
 .text.tud_descriptor_device_qualifier_cb
                0x08001cac        0x4 ./TinyUSB/device/usbd.o
                0x08001cac                tud_descriptor_device_qualifier_cb
 .text.tud_descriptor_other_speed_configuration_cb
                0x08001cb0        0x4 ./TinyUSB/device/usbd.o
                0x08001cb0                tud_descriptor_other_speed_configuration_cb
 .text.tud_mount_cb
                0x08001cb4        0x2 ./TinyUSB/device/usbd.o
                0x08001cb4                tud_mount_cb
 .text.tud_umount_cb
                0x08001cb6        0x2 ./TinyUSB/device/usbd.o
                0x08001cb6                tud_umount_cb
 .text.tud_suspend_cb
                0x08001cb8        0x2 ./TinyUSB/device/usbd.o
                0x08001cb8                tud_suspend_cb
 .text.tud_resume_cb
                0x08001cba        0x2 ./TinyUSB/device/usbd.o
                0x08001cba                tud_resume_cb
 .text.usbd_app_driver_get_cb
                0x08001cbc        0x8 ./TinyUSB/device/usbd.o
                0x08001cbc                usbd_app_driver_get_cb
 .text.tud_rhport_init
                0x08001cc4       0xdc ./TinyUSB/device/usbd.o
                0x08001cc4                tud_rhport_init
 .text.dcd_event_handler
                0x08001da0      0x268 ./TinyUSB/device/usbd.o
                0x08001da0                dcd_event_handler
 .text.usbd_edpt_open
                0x08002008       0x44 ./TinyUSB/device/usbd.o
                0x08002008                usbd_edpt_open
 .text.usbd_open_edpt_pair
                0x0800204c       0x5c ./TinyUSB/device/usbd.o
                0x0800204c                usbd_open_edpt_pair
 .text.usbd_edpt_claim
                0x080020a8       0x1c ./TinyUSB/device/usbd.o
                0x080020a8                usbd_edpt_claim
 .text.usbd_edpt_release
                0x080020c4       0x1c ./TinyUSB/device/usbd.o
                0x080020c4                usbd_edpt_release
 .text.usbd_edpt_xfer
                0x080020e0       0x58 ./TinyUSB/device/usbd.o
                0x080020e0                usbd_edpt_xfer
 .text.usbd_edpt_stall
                0x08002138       0x3c ./TinyUSB/device/usbd.o
                0x08002138                usbd_edpt_stall
 .text.usbd_edpt_clear_stall
                0x08002174       0x3c ./TinyUSB/device/usbd.o
                0x08002174                usbd_edpt_clear_stall
 .text.usbd_edpt_stalled
                0x080021b0       0x1c ./TinyUSB/device/usbd.o
                0x080021b0                usbd_edpt_stalled
 .text.tud_task_ext
                0x080021cc      0x670 ./TinyUSB/device/usbd.o
                0x080021cc                tud_task_ext
 .text.data_stage_xact
                0x0800283c       0x5c ./TinyUSB/device/usbd_control.o
 .text.status_stage_xact.isra.0
                0x08002898        0xe ./TinyUSB/device/usbd_control.o
 *fill*         0x080028a6        0x2 
 .text.tud_control_status
                0x080028a8       0x24 ./TinyUSB/device/usbd_control.o
                0x080028a8                tud_control_status
 .text.tud_control_xfer
                0x080028cc       0x54 ./TinyUSB/device/usbd_control.o
                0x080028cc                tud_control_xfer
 .text.usbd_control_reset
                0x08002920       0x10 ./TinyUSB/device/usbd_control.o
                0x08002920                usbd_control_reset
 .text.usbd_control_set_complete_callback
                0x08002930        0xc ./TinyUSB/device/usbd_control.o
                0x08002930                usbd_control_set_complete_callback
 .text.usbd_control_set_request
                0x0800293c       0x1c ./TinyUSB/device/usbd_control.o
                0x0800293c                usbd_control_set_request
 .text.usbd_control_xfer_cb
                0x08002958       0xac ./TinyUSB/device/usbd_control.o
                0x08002958                usbd_control_xfer_cb
 .text.dcd_ep_alloc
                0x08002a04       0x80 ./TinyUSB/portable/dcd_stm32_fsdev.o
 .text.dcd_write_packet_memory.part.0
                0x08002a84       0x2e ./TinyUSB/portable/dcd_stm32_fsdev.o
 .text.dcd_read_packet_memory.part.0
                0x08002ab2       0x2e ./TinyUSB/portable/dcd_stm32_fsdev.o
 .text.dcd_pma_alloc.constprop.0
                0x08002ae0       0x40 ./TinyUSB/portable/dcd_stm32_fsdev.o
 .text.handle_bus_reset.isra.0
                0x08002b20       0x94 ./TinyUSB/portable/dcd_stm32_fsdev.o
 .text.dcd_int_enable
                0x08002bb4       0x3c ./TinyUSB/portable/dcd_stm32_fsdev.o
                0x08002bb4                dcd_int_enable
 .text.dcd_int_disable
                0x08002bf0       0x3c ./TinyUSB/portable/dcd_stm32_fsdev.o
                0x08002bf0                dcd_int_disable
 .text.dcd_transmit_packet
                0x08002c2c      0x164 ./TinyUSB/portable/dcd_stm32_fsdev.o
 .text.edpt_xfer.isra.0
                0x08002d90       0xdc ./TinyUSB/portable/dcd_stm32_fsdev.o
 .text.dcd_connect
                0x08002e6c       0x1c ./TinyUSB/portable/dcd_stm32_fsdev.o
                0x08002e6c                dcd_connect
 .text.dcd_init
                0x08002e88       0x94 ./TinyUSB/portable/dcd_stm32_fsdev.o
                0x08002e88                dcd_init
 .text.dcd_sof_enable
                0x08002f1c       0x24 ./TinyUSB/portable/dcd_stm32_fsdev.o
                0x08002f1c                dcd_sof_enable
 .text.dcd_int_handler
                0x08002f40      0x458 ./TinyUSB/portable/dcd_stm32_fsdev.o
                0x08002f40                dcd_int_handler
 .text.dcd_edpt0_status_complete
                0x08003398       0x2c ./TinyUSB/portable/dcd_stm32_fsdev.o
                0x08003398                dcd_edpt0_status_complete
 .text.dcd_edpt_open
                0x080033c4       0xd4 ./TinyUSB/portable/dcd_stm32_fsdev.o
                0x080033c4                dcd_edpt_open
 .text.dcd_edpt_close_all
                0x08003498       0x44 ./TinyUSB/portable/dcd_stm32_fsdev.o
                0x08003498                dcd_edpt_close_all
 .text.dcd_edpt_xfer
                0x080034dc       0x2c ./TinyUSB/portable/dcd_stm32_fsdev.o
                0x080034dc                dcd_edpt_xfer
 .text.dcd_set_address
                0x08003508        0xa ./TinyUSB/portable/dcd_stm32_fsdev.o
                0x08003508                dcd_set_address
 *fill*         0x08003512        0x2 
 .text.dcd_edpt_stall
                0x08003514       0x68 ./TinyUSB/portable/dcd_stm32_fsdev.o
                0x08003514                dcd_edpt_stall
 .text.dcd_edpt_clear_stall
                0x0800357c       0x78 ./TinyUSB/portable/dcd_stm32_fsdev.o
                0x0800357c                dcd_edpt_clear_stall
 .text.tud_descriptor_device_cb
                0x080035f4        0x8 ./TinyUSB/portable/usb_descriptors.o
                0x080035f4                tud_descriptor_device_cb
 .text.tud_hid_descriptor_report_cb
                0x080035fc        0x8 ./TinyUSB/portable/usb_descriptors.o
                0x080035fc                tud_hid_descriptor_report_cb
 .text.tud_descriptor_configuration_cb
                0x08003604        0x8 ./TinyUSB/portable/usb_descriptors.o
                0x08003604                tud_descriptor_configuration_cb
 .text.tud_descriptor_string_cb
                0x0800360c       0x58 ./TinyUSB/portable/usb_descriptors.o
                0x0800360c                tud_descriptor_string_cb
 .text.tusb_rhport_init
                0x08003664       0x64 ./TinyUSB/tusb.o
                0x08003664                tusb_rhport_init
 .text.tu_edpt_claim
                0x080036c8       0x36 ./TinyUSB/tusb.o
                0x080036c8                tu_edpt_claim
 .text.tu_edpt_release
                0x080036fe       0x22 ./TinyUSB/tusb.o
                0x080036fe                tu_edpt_release
 .text.tu_edpt_validate
                0x08003720       0x88 ./TinyUSB/tusb.o
                0x08003720                tu_edpt_validate
 .text.tu_edpt_bind_driver
                0x080037a8       0x24 ./TinyUSB/tusb.o
                0x080037a8                tu_edpt_bind_driver
 .text.tu_edpt_stream_init
                0x080037cc       0x2c ./TinyUSB/tusb.o
                0x080037cc                tu_edpt_stream_init
 .text.tu_edpt_stream_deinit
                0x080037f8        0x4 ./TinyUSB/tusb.o
                0x080037f8                tu_edpt_stream_deinit
 .text.tu_edpt_stream_write_zlp_if_needed
                0x080037fc       0x64 ./TinyUSB/tusb.o
                0x080037fc                tu_edpt_stream_write_zlp_if_needed
 .text.tu_edpt_stream_write_xfer
                0x08003860       0x6c ./TinyUSB/tusb.o
                0x08003860                tu_edpt_stream_write_xfer
 .text.tu_edpt_stream_read_xfer
                0x080038cc       0xbc ./TinyUSB/tusb.o
                0x080038cc                tu_edpt_stream_read_xfer
 .text.memset   0x08003988       0x10 D:/Programs/STM32CubeIDE_1.19.0/STM32CubeIDE/plugins/com.st.stm32cube.ide.mcu.externaltools.gnu-tools-for-stm32.13.3.rel1.win32_1.0.0.202411081344/tools/bin/../lib/gcc/arm-none-eabi/13.3.1/../../../../arm-none-eabi/lib/thumb/v7e-m+fp/hard\libc_nano.a(libc_a-memset.o)
                0x08003988                memset
 .text.__libc_init_array
                0x08003998       0x48 D:/Programs/STM32CubeIDE_1.19.0/STM32CubeIDE/plugins/com.st.stm32cube.ide.mcu.externaltools.gnu-tools-for-stm32.13.3.rel1.win32_1.0.0.202411081344/tools/bin/../lib/gcc/arm-none-eabi/13.3.1/../../../../arm-none-eabi/lib/thumb/v7e-m+fp/hard\libc_nano.a(libc_a-init.o)
                0x08003998                __libc_init_array
 .text.memcpy   0x080039e0       0x1c D:/Programs/STM32CubeIDE_1.19.0/STM32CubeIDE/plugins/com.st.stm32cube.ide.mcu.externaltools.gnu-tools-for-stm32.13.3.rel1.win32_1.0.0.202411081344/tools/bin/../lib/gcc/arm-none-eabi/13.3.1/../../../../arm-none-eabi/lib/thumb/v7e-m+fp/hard\libc_nano.a(libc_a-memcpy-stub.o)
                0x080039e0                memcpy
 *(.glue_7)
 .glue_7        0x080039fc        0x0 linker stubs
 *(.glue_7t)
 .glue_7t       0x080039fc        0x0 linker stubs
 *(.eh_frame)
 .eh_frame      0x080039fc        0x0 D:/Programs/STM32CubeIDE_1.19.0/STM32CubeIDE/plugins/com.st.stm32cube.ide.mcu.externaltools.gnu-tools-for-stm32.13.3.rel1.win32_1.0.0.202411081344/tools/bin/../lib/gcc/arm-none-eabi/13.3.1/thumb/v7e-m+fp/hard/crtbegin.o
 *(.init)
 .init          0x080039fc        0x4 D:/Programs/STM32CubeIDE_1.19.0/STM32CubeIDE/plugins/com.st.stm32cube.ide.mcu.externaltools.gnu-tools-for-stm32.13.3.rel1.win32_1.0.0.202411081344/tools/bin/../lib/gcc/arm-none-eabi/13.3.1/thumb/v7e-m+fp/hard/crti.o
                0x080039fc                _init
 .init          0x08003a00        0x8 D:/Programs/STM32CubeIDE_1.19.0/STM32CubeIDE/plugins/com.st.stm32cube.ide.mcu.externaltools.gnu-tools-for-stm32.13.3.rel1.win32_1.0.0.202411081344/tools/bin/../lib/gcc/arm-none-eabi/13.3.1/thumb/v7e-m+fp/hard/crtn.o
 *(.fini)
 .fini          0x08003a08        0x4 D:/Programs/STM32CubeIDE_1.19.0/STM32CubeIDE/plugins/com.st.stm32cube.ide.mcu.externaltools.gnu-tools-for-stm32.13.3.rel1.win32_1.0.0.202411081344/tools/bin/../lib/gcc/arm-none-eabi/13.3.1/thumb/v7e-m+fp/hard/crti.o
                0x08003a08                _fini
 .fini          0x08003a0c        0x8 D:/Programs/STM32CubeIDE_1.19.0/STM32CubeIDE/plugins/com.st.stm32cube.ide.mcu.externaltools.gnu-tools-for-stm32.13.3.rel1.win32_1.0.0.202411081344/tools/bin/../lib/gcc/arm-none-eabi/13.3.1/thumb/v7e-m+fp/hard/crtn.o
                0x08003a14                        . = ALIGN (0x4)
                0x08003a14                        _etext = .

.vfp11_veneer   0x08003a14        0x0
 .vfp11_veneer  0x08003a14        0x0 linker stubs

.v4_bx          0x08003a14        0x0
 .v4_bx         0x08003a14        0x0 linker stubs

.iplt           0x08003a14        0x0
 .iplt          0x08003a14        0x0 D:/Programs/STM32CubeIDE_1.19.0/STM32CubeIDE/plugins/com.st.stm32cube.ide.mcu.externaltools.gnu-tools-for-stm32.13.3.rel1.win32_1.0.0.202411081344/tools/bin/../lib/gcc/arm-none-eabi/13.3.1/thumb/v7e-m+fp/hard/crtbegin.o

.rodata         0x08003a14      0x188
                0x08003a14                        . = ALIGN (0x4)
 *(.rodata)
 *(.rodata*)
 .rodata.AHBPrescTable
                0x08003a14       0x10 ./Core/Src/system_stm32g4xx.o
                0x08003a14                AHBPrescTable
 .rodata._usbd_driver
                0x08003a24       0x48 ./TinyUSB/device/usbd.o
 .rodata.fsdev_irq
                0x08003a6c        0x3 ./TinyUSB/portable/dcd_stm32_fsdev.o
 .rodata.str1.1
                0x08003a6f       0x2f ./TinyUSB/portable/usb_descriptors.o
 .rodata.__compound_literal.0
                0x08003a9e        0x2 ./TinyUSB/portable/usb_descriptors.o
 .rodata.desc_configuration
                0x08003aa0       0xa6 ./TinyUSB/portable/usb_descriptors.o
                0x08003aa0                desc_configuration
 .rodata.desc_hid_report
                0x08003b46       0x42 ./TinyUSB/portable/usb_descriptors.o
                0x08003b46                desc_hid_report
 .rodata.desc_device
                0x08003b88       0x12 ./TinyUSB/portable/usb_descriptors.o
                0x08003b88                desc_device
                0x08003b9c                        . = ALIGN (0x4)
 *fill*         0x08003b9a        0x2 

.ARM.extab      0x08003b9c        0x0
                0x08003b9c                        . = ALIGN (0x4)
 *(.ARM.extab* .gnu.linkonce.armextab.*)
                0x08003b9c                        . = ALIGN (0x4)

.ARM            0x08003b9c        0x8
                0x08003b9c                        . = ALIGN (0x4)
                0x08003b9c                        __exidx_start = .
 *(.ARM.exidx*)
 .ARM.exidx     0x08003b9c        0x8 D:/Programs/STM32CubeIDE_1.19.0/STM32CubeIDE/plugins/com.st.stm32cube.ide.mcu.externaltools.gnu-tools-for-stm32.13.3.rel1.win32_1.0.0.202411081344/tools/bin/../lib/gcc/arm-none-eabi/13.3.1/../../../../arm-none-eabi/lib/thumb/v7e-m+fp/hard\libc_nano.a(libc_a-strlen.o)
                0x08003ba4                        __exidx_end = .
                0x08003ba4                        . = ALIGN (0x4)

.preinit_array  0x08003ba4        0x0
                0x08003ba4                        . = ALIGN (0x4)
                0x08003ba4                        PROVIDE (__preinit_array_start = .)
 *(.preinit_array*)
                0x08003ba4                        PROVIDE (__preinit_array_end = .)
                0x08003ba4                        . = ALIGN (0x4)

.init_array     0x08003ba4        0x4
                0x08003ba4                        . = ALIGN (0x4)
                0x08003ba4                        PROVIDE (__init_array_start = .)
 *(SORT_BY_NAME(.init_array.*))
 *(.init_array*)
 .init_array    0x08003ba4        0x4 D:/Programs/STM32CubeIDE_1.19.0/STM32CubeIDE/plugins/com.st.stm32cube.ide.mcu.externaltools.gnu-tools-for-stm32.13.3.rel1.win32_1.0.0.202411081344/tools/bin/../lib/gcc/arm-none-eabi/13.3.1/thumb/v7e-m+fp/hard/crtbegin.o
                0x08003ba8                        PROVIDE (__init_array_end = .)
                0x08003ba8                        . = ALIGN (0x4)

.fini_array     0x08003ba8        0x4
                0x08003ba8                        . = ALIGN (0x4)
                [!provide]                        PROVIDE (__fini_array_start = .)
 *(SORT_BY_NAME(.fini_array.*))
 *(.fini_array*)
 .fini_array    0x08003ba8        0x4 D:/Programs/STM32CubeIDE_1.19.0/STM32CubeIDE/plugins/com.st.stm32cube.ide.mcu.externaltools.gnu-tools-for-stm32.13.3.rel1.win32_1.0.0.202411081344/tools/bin/../lib/gcc/arm-none-eabi/13.3.1/thumb/v7e-m+fp/hard/crtbegin.o
                [!provide]                        PROVIDE (__fini_array_end = .)
                0x08003bac                        . = ALIGN (0x4)
                0x08003bac                        _sidata = LOADADDR (.data)

.rel.dyn        0x08003bac        0x0
 .rel.iplt      0x08003bac        0x0 D:/Programs/STM32CubeIDE_1.19.0/STM32CubeIDE/plugins/com.st.stm32cube.ide.mcu.externaltools.gnu-tools-for-stm32.13.3.rel1.win32_1.0.0.202411081344/tools/bin/../lib/gcc/arm-none-eabi/13.3.1/thumb/v7e-m+fp/hard/crtbegin.o

.data           0x20000000       0x3c load address 0x08003bac
                0x20000000                        . = ALIGN (0x4)
                0x20000000                        _sdata = .
 *(.data)
 *(.data*)
 .data.SystemCoreClock
                0x20000000        0x4 ./Core/Src/system_stm32g4xx.o
                0x20000000                SystemCoreClock
 .data.uwTickFreq
                0x20000004        0x4 ./Drivers/STM32G4xx_HAL_Driver/Src/stm32g4xx_hal.o
                0x20000004                uwTickFreq
 .data.uwTickPrio
                0x20000008        0x4 ./Drivers/STM32G4xx_HAL_Driver/Src/stm32g4xx_hal.o
                0x20000008                uwTickPrio
 .data._cdcd_cfg
                0x2000000c        0x1 ./TinyUSB/class/cdc/cdc_device.o
 *fill*         0x2000000d        0x3 
 .data._usbd_qdef
                0x20000010       0x10 ./TinyUSB/device/usbd.o
                0x20000010                _usbd_qdef
 .data._usbd_rhport
                0x20000020        0x1 ./TinyUSB/device/usbd.o
 *fill*         0x20000021        0x3 
 .data.string_desc_arr
                0x20000024       0x18 ./TinyUSB/portable/usb_descriptors.o
                0x20000024                string_desc_arr
 *(.RamFunc)
 *(.RamFunc*)
                0x2000003c                        . = ALIGN (0x4)
                0x2000003c                        _edata = .

.igot.plt       0x2000003c        0x0 load address 0x08003be8
 .igot.plt      0x2000003c        0x0 D:/Programs/STM32CubeIDE_1.19.0/STM32CubeIDE/plugins/com.st.stm32cube.ide.mcu.externaltools.gnu-tools-for-stm32.13.3.rel1.win32_1.0.0.202411081344/tools/bin/../lib/gcc/arm-none-eabi/13.3.1/thumb/v7e-m+fp/hard/crtbegin.o
                0x2000003c                        . = ALIGN (0x4)

.bss            0x2000003c      0x8f0 load address 0x08003be8
                0x2000003c                        _sbss = .
                0x2000003c                        __bss_start__ = _sbss
 *(.bss)
 .bss           0x2000003c       0x1c D:/Programs/STM32CubeIDE_1.19.0/STM32CubeIDE/plugins/com.st.stm32cube.ide.mcu.externaltools.gnu-tools-for-stm32.13.3.rel1.win32_1.0.0.202411081344/tools/bin/../lib/gcc/arm-none-eabi/13.3.1/thumb/v7e-m+fp/hard/crtbegin.o
 *(.bss*)
 .bss.hpcd_USB_FS
                0x20000058      0x2dc ./Core/Src/usb.o
                0x20000058                hpcd_USB_FS
 .bss.uwTick    0x20000334        0x4 ./Drivers/STM32G4xx_HAL_Driver/Src/stm32g4xx_hal.o
                0x20000334                uwTick
 .bss._cdcd_epbuf
                0x20000338      0x100 ./TinyUSB/class/cdc/cdc_device.o
 .bss._cdcd_itf
                0x20000438      0x168 ./TinyUSB/class/cdc/cdc_device.o
 .bss._hidd_epbuf
                0x200005a0       0xc0 ./TinyUSB/class/hid/hid_device.o
 .bss._hidd_itf
                0x20000660        0xc ./TinyUSB/class/hid/hid_device.o
 .bss._usbd_q   0x2000066c        0x4 ./TinyUSB/device/usbd.o
 .bss._usbd_qdef_buf
                0x20000670       0xc0 ./TinyUSB/device/usbd.o
                0x20000670                _usbd_qdef_buf
 .bss._app_driver_count
                0x20000730        0x1 ./TinyUSB/device/usbd.o
 *fill*         0x20000731        0x3 
 .bss._app_driver
                0x20000734        0x4 ./TinyUSB/device/usbd.o
 .bss._usbd_queued_setup
                0x20000738        0x1 ./TinyUSB/device/usbd.o
 .bss._usbd_dev
                0x20000739       0x34 ./TinyUSB/device/usbd.o
 *fill*         0x2000076d        0x3 
 .bss._ctrl_epbuf
                0x20000770       0x40 ./TinyUSB/device/usbd_control.o
 .bss._ctrl_xfer
                0x200007b0       0x14 ./TinyUSB/device/usbd_control.o
 .bss.ep_buf_ptr
                0x200007c4        0x2 ./TinyUSB/portable/dcd_stm32_fsdev.o
 .bss.remoteWakeCountdown
                0x200007c6        0x1 ./TinyUSB/portable/dcd_stm32_fsdev.o
 .bss.ep_alloc_status
                0x200007c7       0x20 ./TinyUSB/portable/dcd_stm32_fsdev.o
 *fill*         0x200007e7        0x1 
 .bss.xfer_status
                0x200007e8      0x100 ./TinyUSB/portable/dcd_stm32_fsdev.o
 .bss._desc_str
                0x200008e8       0x40 ./TinyUSB/portable/usb_descriptors.o
 .bss._tusb_rhport_role
                0x20000928        0x2 ./TinyUSB/tusb.o
                0x20000928                _tusb_rhport_role
 *(COMMON)
                0x2000092c                        . = ALIGN (0x4)
 *fill*         0x2000092a        0x2 
                0x2000092c                        _ebss = .
                0x2000092c                        __bss_end__ = _ebss

._user_heap_stack
                0x2000092c      0x604 load address 0x08003be8
                0x20000930                        . = ALIGN (0x8)
 *fill*         0x2000092c        0x4 
                [!provide]                        PROVIDE (end = .)
                0x20000930                        PROVIDE (_end = .)
                0x20000b30                        . = (. + _Min_Heap_Size)
 *fill*         0x20000930      0x200 
                0x20000f30                        . = (. + _Min_Stack_Size)
 *fill*         0x20000b30      0x400 
                0x20000f30                        . = ALIGN (0x8)

/DISCARD/
 libc.a(*)
 libm.a(*)
 libgcc.a(*)

.ARM.attributes
                0x00000000       0x30
 *(.ARM.attributes)
 .ARM.attributes
                0x00000000       0x22 D:/Programs/STM32CubeIDE_1.19.0/STM32CubeIDE/plugins/com.st.stm32cube.ide.mcu.externaltools.gnu-tools-for-stm32.13.3.rel1.win32_1.0.0.202411081344/tools/bin/../lib/gcc/arm-none-eabi/13.3.1/thumb/v7e-m+fp/hard/crti.o
 .ARM.attributes
                0x00000022       0x34 D:/Programs/STM32CubeIDE_1.19.0/STM32CubeIDE/plugins/com.st.stm32cube.ide.mcu.externaltools.gnu-tools-for-stm32.13.3.rel1.win32_1.0.0.202411081344/tools/bin/../lib/gcc/arm-none-eabi/13.3.1/thumb/v7e-m+fp/hard/crtbegin.o
 .ARM.attributes
                0x00000056       0x34 ./Core/Src/gpio.o
 .ARM.attributes
                0x0000008a       0x34 ./Core/Src/main.o
 .ARM.attributes
                0x000000be       0x34 ./Core/Src/stm32g4xx_hal_msp.o
 .ARM.attributes
                0x000000f2       0x34 ./Core/Src/stm32g4xx_it.o
 .ARM.attributes
                0x00000126       0x34 ./Core/Src/system_stm32g4xx.o
 .ARM.attributes
                0x0000015a       0x34 ./Core/Src/usb.o
 .ARM.attributes
                0x0000018e       0x21 ./Core/Startup/startup_stm32g431rbtx.o
 .ARM.attributes
                0x000001af       0x34 ./Drivers/STM32G4xx_HAL_Driver/Src/stm32g4xx_hal.o
 .ARM.attributes
                0x000001e3       0x34 ./Drivers/STM32G4xx_HAL_Driver/Src/stm32g4xx_hal_cortex.o
 .ARM.attributes
                0x00000217       0x34 ./Drivers/STM32G4xx_HAL_Driver/Src/stm32g4xx_hal_pcd.o
 .ARM.attributes
                0x0000024b       0x34 ./Drivers/STM32G4xx_HAL_Driver/Src/stm32g4xx_hal_pcd_ex.o
 .ARM.attributes
                0x0000027f       0x34 ./Drivers/STM32G4xx_HAL_Driver/Src/stm32g4xx_hal_pwr_ex.o
 .ARM.attributes
                0x000002b3       0x34 ./Drivers/STM32G4xx_HAL_Driver/Src/stm32g4xx_hal_rcc.o
 .ARM.attributes
                0x000002e7       0x34 ./Drivers/STM32G4xx_HAL_Driver/Src/stm32g4xx_hal_rcc_ex.o
 .ARM.attributes
                0x0000031b       0x34 ./Drivers/STM32G4xx_HAL_Driver/Src/stm32g4xx_ll_usb.o
 .ARM.attributes
                0x0000034f       0x34 ./TinyUSB/class/cdc/cdc_device.o
 .ARM.attributes
                0x00000383       0x34 ./TinyUSB/class/hid/hid_device.o
 .ARM.attributes
                0x000003b7       0x34 ./TinyUSB/common/tusb_fifo.o
 .ARM.attributes
                0x000003eb       0x34 ./TinyUSB/device/usbd.o
 .ARM.attributes
                0x0000041f       0x34 ./TinyUSB/device/usbd_control.o
 .ARM.attributes
                0x00000453       0x34 ./TinyUSB/portable/dcd_stm32_fsdev.o
 .ARM.attributes
                0x00000487       0x34 ./TinyUSB/portable/usb_descriptors.o
 .ARM.attributes
                0x000004bb       0x34 ./TinyUSB/tusb.o
 .ARM.attributes
                0x000004ef       0x34 D:/Programs/STM32CubeIDE_1.19.0/STM32CubeIDE/plugins/com.st.stm32cube.ide.mcu.externaltools.gnu-tools-for-stm32.13.3.rel1.win32_1.0.0.202411081344/tools/bin/../lib/gcc/arm-none-eabi/13.3.1/../../../../arm-none-eabi/lib/thumb/v7e-m+fp/hard\libc_nano.a(libc_a-memset.o)
 .ARM.attributes
                0x00000523       0x34 D:/Programs/STM32CubeIDE_1.19.0/STM32CubeIDE/plugins/com.st.stm32cube.ide.mcu.externaltools.gnu-tools-for-stm32.13.3.rel1.win32_1.0.0.202411081344/tools/bin/../lib/gcc/arm-none-eabi/13.3.1/../../../../arm-none-eabi/lib/thumb/v7e-m+fp/hard\libc_nano.a(libc_a-init.o)
 .ARM.attributes
                0x00000557       0x34 D:/Programs/STM32CubeIDE_1.19.0/STM32CubeIDE/plugins/com.st.stm32cube.ide.mcu.externaltools.gnu-tools-for-stm32.13.3.rel1.win32_1.0.0.202411081344/tools/bin/../lib/gcc/arm-none-eabi/13.3.1/../../../../arm-none-eabi/lib/thumb/v7e-m+fp/hard\libc_nano.a(libc_a-memcpy-stub.o)
 .ARM.attributes
                0x0000058b       0x17 D:/Programs/STM32CubeIDE_1.19.0/STM32CubeIDE/plugins/com.st.stm32cube.ide.mcu.externaltools.gnu-tools-for-stm32.13.3.rel1.win32_1.0.0.202411081344/tools/bin/../lib/gcc/arm-none-eabi/13.3.1/../../../../arm-none-eabi/lib/thumb/v7e-m+fp/hard\libc_nano.a(libc_a-strlen.o)
 .ARM.attributes
                0x000005a2       0x22 D:/Programs/STM32CubeIDE_1.19.0/STM32CubeIDE/plugins/com.st.stm32cube.ide.mcu.externaltools.gnu-tools-for-stm32.13.3.rel1.win32_1.0.0.202411081344/tools/bin/../lib/gcc/arm-none-eabi/13.3.1/thumb/v7e-m+fp/hard/crtn.o
OUTPUT(TenoDX-3.elf elf32-littlearm)
LOAD linker stubs
LOAD D:/Programs/STM32CubeIDE_1.19.0/STM32CubeIDE/plugins/com.st.stm32cube.ide.mcu.externaltools.gnu-tools-for-stm32.13.3.rel1.win32_1.0.0.202411081344/tools/bin/../lib/gcc/arm-none-eabi/13.3.1/../../../../arm-none-eabi/lib/thumb/v7e-m+fp/hard\libc.a
LOAD D:/Programs/STM32CubeIDE_1.19.0/STM32CubeIDE/plugins/com.st.stm32cube.ide.mcu.externaltools.gnu-tools-for-stm32.13.3.rel1.win32_1.0.0.202411081344/tools/bin/../lib/gcc/arm-none-eabi/13.3.1/../../../../arm-none-eabi/lib/thumb/v7e-m+fp/hard\libm.a
LOAD D:/Programs/STM32CubeIDE_1.19.0/STM32CubeIDE/plugins/com.st.stm32cube.ide.mcu.externaltools.gnu-tools-for-stm32.13.3.rel1.win32_1.0.0.202411081344/tools/bin/../lib/gcc/arm-none-eabi/13.3.1/thumb/v7e-m+fp/hard\libgcc.a

.comment        0x00000000       0x43
 .comment       0x00000000       0x43 ./Core/Src/gpio.o
                                 0x44 (size before relaxing)
 .comment       0x00000043       0x44 ./Core/Src/main.o
 .comment       0x00000043       0x44 ./Core/Src/stm32g4xx_hal_msp.o
 .comment       0x00000043       0x44 ./Core/Src/stm32g4xx_it.o
 .comment       0x00000043       0x44 ./Core/Src/system_stm32g4xx.o
 .comment       0x00000043       0x44 ./Core/Src/usb.o
 .comment       0x00000043       0x44 ./Drivers/STM32G4xx_HAL_Driver/Src/stm32g4xx_hal.o
 .comment       0x00000043       0x44 ./Drivers/STM32G4xx_HAL_Driver/Src/stm32g4xx_hal_cortex.o
 .comment       0x00000043       0x44 ./Drivers/STM32G4xx_HAL_Driver/Src/stm32g4xx_hal_pcd.o
 .comment       0x00000043       0x44 ./Drivers/STM32G4xx_HAL_Driver/Src/stm32g4xx_hal_pcd_ex.o
 .comment       0x00000043       0x44 ./Drivers/STM32G4xx_HAL_Driver/Src/stm32g4xx_hal_pwr_ex.o
 .comment       0x00000043       0x44 ./Drivers/STM32G4xx_HAL_Driver/Src/stm32g4xx_hal_rcc.o
 .comment       0x00000043       0x44 ./Drivers/STM32G4xx_HAL_Driver/Src/stm32g4xx_hal_rcc_ex.o
 .comment       0x00000043       0x44 ./Drivers/STM32G4xx_HAL_Driver/Src/stm32g4xx_ll_usb.o
 .comment       0x00000043       0x44 ./TinyUSB/class/cdc/cdc_device.o
 .comment       0x00000043       0x44 ./TinyUSB/class/hid/hid_device.o
 .comment       0x00000043       0x44 ./TinyUSB/common/tusb_fifo.o
 .comment       0x00000043       0x44 ./TinyUSB/device/usbd.o
 .comment       0x00000043       0x44 ./TinyUSB/device/usbd_control.o
 .comment       0x00000043       0x44 ./TinyUSB/portable/dcd_stm32_fsdev.o
 .comment       0x00000043       0x44 ./TinyUSB/portable/usb_descriptors.o
 .comment       0x00000043       0x44 ./TinyUSB/tusb.o

.debug_frame    0x00000000       0x74
 .debug_frame   0x00000000       0x20 D:/Programs/STM32CubeIDE_1.19.0/STM32CubeIDE/plugins/com.st.stm32cube.ide.mcu.externaltools.gnu-tools-for-stm32.13.3.rel1.win32_1.0.0.202411081344/tools/bin/../lib/gcc/arm-none-eabi/13.3.1/../../../../arm-none-eabi/lib/thumb/v7e-m+fp/hard\libc_nano.a(libc_a-memset.o)
 .debug_frame   0x00000020       0x2c D:/Programs/STM32CubeIDE_1.19.0/STM32CubeIDE/plugins/com.st.stm32cube.ide.mcu.externaltools.gnu-tools-for-stm32.13.3.rel1.win32_1.0.0.202411081344/tools/bin/../lib/gcc/arm-none-eabi/13.3.1/../../../../arm-none-eabi/lib/thumb/v7e-m+fp/hard\libc_nano.a(libc_a-init.o)
 .debug_frame   0x0000004c       0x28 D:/Programs/STM32CubeIDE_1.19.0/STM32CubeIDE/plugins/com.st.stm32cube.ide.mcu.externaltools.gnu-tools-for-stm32.13.3.rel1.win32_1.0.0.202411081344/tools/bin/../lib/gcc/arm-none-eabi/13.3.1/../../../../arm-none-eabi/lib/thumb/v7e-m+fp/hard\libc_nano.a(libc_a-memcpy-stub.o)
